Archive member included to satisfy reference by file (symbol)

C:/arm-gnu-toolchain-14.2.rel1-mingw-w64-x86_64-arm-none-eabi/bin/../lib/gcc/arm-none-eabi/14.2.1/thumb/v7e-m+fp/hard\libc_nano.a(libc_a-nano-vfprintf_float.o)
                              (_printf_float)
C:/arm-gnu-toolchain-14.2.rel1-mingw-w64-x86_64-arm-none-eabi/bin/../lib/gcc/arm-none-eabi/14.2.1/thumb/v7e-m+fp/hard\libc_nano.a(libc_a-nano-vfprintf_i.o)
                              C:/arm-gnu-toolchain-14.2.rel1-mingw-w64-x86_64-arm-none-eabi/bin/../lib/gcc/arm-none-eabi/14.2.1/thumb/v7e-m+fp/hard\libc_nano.a(libc_a-nano-vfprintf_float.o) (_printf_common)
C:/arm-gnu-toolchain-14.2.rel1-mingw-w64-x86_64-arm-none-eabi/bin/../lib/gcc/arm-none-eabi/14.2.1/thumb/v7e-m+fp/hard\libc_nano.a(libc_a-localeconv.o)
                              C:/arm-gnu-toolchain-14.2.rel1-mingw-w64-x86_64-arm-none-eabi/bin/../lib/gcc/arm-none-eabi/14.2.1/thumb/v7e-m+fp/hard\libc_nano.a(libc_a-nano-vfprintf_float.o) (_localeconv_r)
C:/arm-gnu-toolchain-14.2.rel1-mingw-w64-x86_64-arm-none-eabi/bin/../lib/gcc/arm-none-eabi/14.2.1/thumb/v7e-m+fp/hard\libc_nano.a(libc_a-memchr.o)
                              C:/arm-gnu-toolchain-14.2.rel1-mingw-w64-x86_64-arm-none-eabi/bin/../lib/gcc/arm-none-eabi/14.2.1/thumb/v7e-m+fp/hard\libc_nano.a(libc_a-nano-vfprintf_i.o) (memchr)
C:/arm-gnu-toolchain-14.2.rel1-mingw-w64-x86_64-arm-none-eabi/bin/../lib/gcc/arm-none-eabi/14.2.1/thumb/v7e-m+fp/hard\libc_nano.a(libc_a-strlen.o)
                              C:/arm-gnu-toolchain-14.2.rel1-mingw-w64-x86_64-arm-none-eabi/bin/../lib/gcc/arm-none-eabi/14.2.1/thumb/v7e-m+fp/hard\libc_nano.a(libc_a-nano-vfprintf_float.o) (strlen)
C:/arm-gnu-toolchain-14.2.rel1-mingw-w64-x86_64-arm-none-eabi/bin/../lib/gcc/arm-none-eabi/14.2.1/thumb/v7e-m+fp/hard\libc_nano.a(libc_a-dtoa.o)
                              C:/arm-gnu-toolchain-14.2.rel1-mingw-w64-x86_64-arm-none-eabi/bin/../lib/gcc/arm-none-eabi/14.2.1/thumb/v7e-m+fp/hard\libc_nano.a(libc_a-nano-vfprintf_float.o) (_dtoa_r)
C:/arm-gnu-toolchain-14.2.rel1-mingw-w64-x86_64-arm-none-eabi/bin/../lib/gcc/arm-none-eabi/14.2.1/thumb/v7e-m+fp/hard\libc_nano.a(libc_a-malloc.o)
                              C:/arm-gnu-toolchain-14.2.rel1-mingw-w64-x86_64-arm-none-eabi/bin/../lib/gcc/arm-none-eabi/14.2.1/thumb/v7e-m+fp/hard\libc_nano.a(libc_a-dtoa.o) (malloc)
C:/arm-gnu-toolchain-14.2.rel1-mingw-w64-x86_64-arm-none-eabi/bin/../lib/gcc/arm-none-eabi/14.2.1/thumb/v7e-m+fp/hard\libc_nano.a(libc_a-mallocr.o)
                              C:/arm-gnu-toolchain-14.2.rel1-mingw-w64-x86_64-arm-none-eabi/bin/../lib/gcc/arm-none-eabi/14.2.1/thumb/v7e-m+fp/hard\libc_nano.a(libc_a-malloc.o) (_malloc_r)
C:/arm-gnu-toolchain-14.2.rel1-mingw-w64-x86_64-arm-none-eabi/bin/../lib/gcc/arm-none-eabi/14.2.1/thumb/v7e-m+fp/hard\libc_nano.a(libc_a-mlock.o)
                              C:/arm-gnu-toolchain-14.2.rel1-mingw-w64-x86_64-arm-none-eabi/bin/../lib/gcc/arm-none-eabi/14.2.1/thumb/v7e-m+fp/hard\libc_nano.a(libc_a-mallocr.o) (__malloc_lock)
C:/arm-gnu-toolchain-14.2.rel1-mingw-w64-x86_64-arm-none-eabi/bin/../lib/gcc/arm-none-eabi/14.2.1/thumb/v7e-m+fp/hard\libc_nano.a(libc_a-mprec.o)
                              C:/arm-gnu-toolchain-14.2.rel1-mingw-w64-x86_64-arm-none-eabi/bin/../lib/gcc/arm-none-eabi/14.2.1/thumb/v7e-m+fp/hard\libc_nano.a(libc_a-dtoa.o) (_Balloc)
C:/arm-gnu-toolchain-14.2.rel1-mingw-w64-x86_64-arm-none-eabi/bin/../lib/gcc/arm-none-eabi/14.2.1/thumb/v7e-m+fp/hard\libc_nano.a(libc_a-locale.o)
                              C:/arm-gnu-toolchain-14.2.rel1-mingw-w64-x86_64-arm-none-eabi/bin/../lib/gcc/arm-none-eabi/14.2.1/thumb/v7e-m+fp/hard\libc_nano.a(libc_a-localeconv.o) (__global_locale)
C:/arm-gnu-toolchain-14.2.rel1-mingw-w64-x86_64-arm-none-eabi/bin/../lib/gcc/arm-none-eabi/14.2.1/thumb/v7e-m+fp/hard\libc_nano.a(libc_a-impure.o)
                              C:/arm-gnu-toolchain-14.2.rel1-mingw-w64-x86_64-arm-none-eabi/bin/../lib/gcc/arm-none-eabi/14.2.1/thumb/v7e-m+fp/hard\libc_nano.a(libc_a-malloc.o) (_impure_ptr)
C:/arm-gnu-toolchain-14.2.rel1-mingw-w64-x86_64-arm-none-eabi/bin/../lib/gcc/arm-none-eabi/14.2.1/thumb/v7e-m+fp/hard\libc_nano.a(libc_a-sbrkr.o)
                              C:/arm-gnu-toolchain-14.2.rel1-mingw-w64-x86_64-arm-none-eabi/bin/../lib/gcc/arm-none-eabi/14.2.1/thumb/v7e-m+fp/hard\libc_nano.a(libc_a-mallocr.o) (_sbrk_r)
C:/arm-gnu-toolchain-14.2.rel1-mingw-w64-x86_64-arm-none-eabi/bin/../lib/gcc/arm-none-eabi/14.2.1/thumb/v7e-m+fp/hard\libc_nano.a(libc_a-lock.o)
                              C:/arm-gnu-toolchain-14.2.rel1-mingw-w64-x86_64-arm-none-eabi/bin/../lib/gcc/arm-none-eabi/14.2.1/thumb/v7e-m+fp/hard\libc_nano.a(libc_a-mlock.o) (__retarget_lock_acquire_recursive)
C:/arm-gnu-toolchain-14.2.rel1-mingw-w64-x86_64-arm-none-eabi/bin/../lib/gcc/arm-none-eabi/14.2.1/thumb/v7e-m+fp/hard\libc_nano.a(libc_a-strcmp.o)
[...]
Memory Configuration

Name             Origin             Length             Attributes
RAM              0x20000000         0x00020000         xrw
FLASH            0x08000000         0x00080000         xr
*default*        0x00000000         0xffffffff

Linker script and memory map

START GROUP
LOAD C:/arm-gnu-toolchain-14.2.rel1-mingw-w64-x86_64-arm-none-eabi/bin/../lib/gcc/arm-none-eabi/14.2.1/thumb/v7e-m+fp/hard\libc_nano.a
LOAD C:/arm-gnu-toolchain-14.2.rel1-mingw-w64-x86_64-arm-none-eabi/bin/../lib/gcc/arm-none-eabi/14.2.1/thumb/v7e-m+fp/hard\libm.a
END GROUP
LOAD CMakeFiles/STM32_G474.elf.dir/Core/system_stm32g4xx.c.obj
LOAD CMakeFiles/STM32_G474.elf.dir/Core/stm32g4xx_ll_utils.c.obj
LOAD CMakeFiles/STM32_G474.elf.dir/Core/stm32g4xx_ll_usart.c.obj
LOAD CMakeFiles/STM32_G474.elf.dir/Core/stm32g4xx_ll_tim.c.obj
LOAD CMakeFiles/STM32_G474.elf.dir/Core/stm32g4xx_ll_spi.c.obj
LOAD CMakeFiles/STM32_G474.elf.dir/Core/stm32g4xx_ll_rtc.c.obj
LOAD CMakeFiles/STM32_G474.elf.dir/Core/stm32g4xx_ll_rng.c.obj
LOAD CMakeFiles/STM32_G474.elf.dir/Core/stm32g4xx_ll_rcc.c.obj
LOAD CMakeFiles/STM32_G474.elf.dir/Core/stm32g4xx_ll_pwr.c.obj
LOAD CMakeFiles/STM32_G474.elf.dir/Core/stm32g4xx_ll_opamp.c.obj
LOAD CMakeFiles/STM32_G474.elf.dir/Core/stm32g4xx_ll_lpuart.c.obj
LOAD CMakeFiles/STM32_G474.elf.dir/Core/stm32g4xx_ll_lptim.c.obj
LOAD CMakeFiles/STM32_G474.elf.dir/Core/stm32g4xx_ll_i2c.c.obj
LOAD CMakeFiles/STM32_G474.elf.dir/Core/stm32g4xx_ll_hrtim.c.obj
LOAD CMakeFiles/STM32_G474.elf.dir/Core/stm32g4xx_ll_gpio.c.obj
LOAD CMakeFiles/STM32_G474.elf.dir/Core/stm32g4xx_ll_exti.c.obj
LOAD CMakeFiles/STM32_G474.elf.dir/Core/stm32g4xx_ll_dma.c.obj
LOAD CMakeFiles/STM32_G474.elf.dir/Core/stm32g4xx_ll_dac.c.obj
LOAD CMakeFiles/STM32_G474.elf.dir/Core/stm32g4xx_ll_crs.c.obj
LOAD CMakeFiles/STM32_G474.elf.dir/Core/stm32g4xx_ll_crc.c.obj
LOAD CMakeFiles/STM32_G474.elf.dir/Core/stm32g4xx_ll_cordic.c.obj
LOAD CMakeFiles/STM32_G474.elf.dir/Core/stm32g4xx_ll_comp.c.obj
LOAD CMakeFiles/STM32_G474.elf.dir/Core/stm32g4xx_ll_adc.c.obj
LOAD CMakeFiles/STM32_G474.elf.dir/src/main.c.obj
LOAD CMakeFiles/STM32_G474.elf.dir/src/stm32g4xx_startup.c.obj
LOAD CMakeFiles/STM32_G474.elf.dir/src/Initialize.c.obj
LOAD CMakeFiles/STM32_G474.elf.dir/src/syscalls.c.obj
LOAD CMakeFiles/STM32_G474.elf.dir/src/system.c.obj
                0x20020000                        _estack = (ORIGIN (RAM) + LENGTH (RAM))
                0x00000200                        _Min_Heap_Size = 0x200
                0x00000400                        _Min_Stack_Size = 0x400

.isr_vector     0x08000000      0x1d8
                0x08000000                        . = ALIGN (0x4)
 *(.isr_vector)
 .isr_vector    0x08000000      0x1d8 CMakeFiles/STM32_G474.elf.dir/src/stm32g4xx_startup.c.obj
                0x08000000                vectors
                0x080001d8                        . = ALIGN (0x4)

.text           0x080001e0     0x3ebc
                0x080001e0                        . = ALIGN (0x4)
 *(.text)
 .text          0x080001e0       0xa0 C:/arm-gnu-toolchain-14.2.rel1-mingw-w64-x86_64-arm-none-eabi/bin/../lib/gcc/arm-none-eabi/14.2.1/thumb/v7e-m+fp/hard\libc_nano.a(libc_a-memchr.o)
                0x080001e0                memchr
 .text          0x08000280       0x10 C:/arm-gnu-toolchain-14.2.rel1-mingw-w64-x86_64-arm-none-eabi/bin/../lib/gcc/arm-none-eabi/14.2.1/thumb/v7e-m+fp/hard\libc_nano.a(libc_a-strlen.o)
                0x08000280                strlen
 .text          0x08000290      0x378 C:/arm-gnu-toolchain-14.2.rel1-mingw-w64-x86_64-arm-none-eabi/bin/../lib/gcc/arm-none-eabi/14.2.1/thumb/v7e-m+fp/hard\libgcc.a(_arm_addsubdf3.o)
                0x08000290                __aeabi_drsub
                0x08000298                __aeabi_dsub
                0x08000298                __subdf3
                0x0800029c                __aeabi_dadd
                0x0800029c                __adddf3
                0x08000514                __floatunsidf
                0x08000514                __aeabi_ui2d
                0x08000534                __floatsidf
                0x08000534                __aeabi_i2d
                0x08000558                __aeabi_f2d
                0x08000558                __extendsfdf2
                0x0800059c                __floatundidf
                0x0800059c                __aeabi_ul2d
                0x080005ac                __floatdidf
                0x080005ac                __aeabi_l2d
 .text          0x08000608      0x424 C:/arm-gnu-toolchain-14.2.rel1-mingw-w64-x86_64-arm-none-eabi/bin/../lib/gcc/arm-none-eabi/14.2.1/thumb/v7e-m+fp/hard\libgcc.a(_arm_muldivdf3.o)
                0x08000608                __aeabi_dmul
                0x08000608                __muldf3
                0x0800085c                __divdf3
                0x0800085c                __aeabi_ddiv
 .text          0x08000a2c      0x110 C:/arm-gnu-toolchain-14.2.rel1-mingw-w64-x86_64-arm-none-eabi/bin/../lib/gcc/arm-none-eabi/14.2.1/thumb/v7e-m+fp/hard\libgcc.a(_arm_cmpdf2.o)
                0x08000a2c                __gtdf2
                0x08000a2c                __gedf2
                0x08000a34                __ltdf2
                0x08000a34                __ledf2
                0x08000a3c                __nedf2
                0x08000a3c                __eqdf2
                0x08000a3c                __cmpdf2
                0x08000ab8                __aeabi_cdrcmple
                0x08000ac8                __aeabi_cdcmpeq
                0x08000ac8                __aeabi_cdcmple
                0x08000ad8                __aeabi_dcmpeq
                0x08000aec                __aeabi_dcmplt
                0x08000b00                __aeabi_dcmple
                0x08000b14                __aeabi_dcmpge
                0x08000b28                __aeabi_dcmpgt
 .text          0x08000b3c       0x2c C:/arm-gnu-toolchain-14.2.rel1-mingw-w64-x86_64-arm-none-eabi/bin/../lib/gcc/arm-none-eabi/14.2.1/thumb/v7e-m+fp/hard\libgcc.a(_arm_unorddf2.o)
                0x08000b3c                __unorddf2
                0x08000b3c                __aeabi_dcmpun
 .text          0x08000b68       0x50 C:/arm-gnu-toolchain-14.2.rel1-mingw-w64-x86_64-arm-none-eabi/bin/../lib/gcc/arm-none-eabi/14.2.1/thumb/v7e-m+fp/hard\libgcc.a(_arm_fixdfsi.o)
                0x08000b68                __aeabi_d2iz
                0x08000b68                __fixdfsi
 *(.text*)
 .text.__cvt    0x08000bb8       0xca C:/arm-gnu-toolchain-14.2.rel1-mingw-w64-x86_64-arm-none-eabi/bin/../lib/gcc/arm-none-eabi/14.2.1/thumb/v7e-m+fp/hard\libc_nano.a(libc_a-nano-vfprintf_float.o)
                0x08000bb8                __cvt
 .text.__exponent
                0x08000c82       0x74 C:/arm-gnu-toolchain-14.2.rel1-mingw-w64-x86_64-arm-none-eabi/bin/../lib/gcc/arm-none-eabi/14.2.1/thumb/v7e-m+fp/hard\libc_nano.a(libc_a-nano-vfprintf_float.o)
                0x08000c82                __exponent
 *fill*         0x08000cf6        0x2 
 .text._printf_float
                0x08000cf8      0x450 C:/arm-gnu-toolchain-14.2.rel1-mingw-w64-x86_64-arm-none-eabi/bin/../lib/gcc/arm-none-eabi/14.2.1/thumb/v7e-m+fp/hard\libc_nano.a(libc_a-nano-vfprintf_float.o)
                0x08000cf8                _printf_float
 .text._printf_common
                0x08001148       0xda C:/arm-gnu-toolchain-14.2.rel1-mingw-w64-x86_64-arm-none-eabi/bin/../lib/gcc/arm-none-eabi/14.2.1/thumb/v7e-m+fp/hard\libc_nano.a(libc_a-nano-vfprintf_i.o)
                0x08001148                _printf_common
 *fill*         0x08001222        0x2 
 .text._printf_i
                0x08001224      0x240 C:/arm-gnu-toolchain-14.2.rel1-mingw-w64-x86_64-arm-none-eabi/bin/../lib/gcc/arm-none-eabi/14.2.1/thumb/v7e-m+fp/hard\libc_nano.a(libc_a-nano-vfprintf_i.o)
                0x08001224                _printf_i
 .text._localeconv_r
                0x08001464        0x8 C:/arm-gnu-toolchain-14.2.rel1-mingw-w64-x86_64-arm-none-eabi/bin/../lib/gcc/arm-none-eabi/14.2.1/thumb/v7e-m+fp/hard\libc_nano.a(libc_a-localeconv.o)
                0x08001464                _localeconv_r
 .text.quorem   0x0800146c      0x110 C:/arm-gnu-toolchain-14.2.rel1-mingw-w64-x86_64-arm-none-eabi/bin/../lib/gcc/arm-none-eabi/14.2.1/thumb/v7e-m+fp/hard\libc_nano.a(libc_a-dtoa.o)
 *fill*         0x0800157c        0x4 
 .text._dtoa_r  0x08001580      0xbc0 C:/arm-gnu-toolchain-14.2.rel1-mingw-w64-x86_64-arm-none-eabi/bin/../lib/gcc/arm-none-eabi/14.2.1/thumb/v7e-m+fp/hard\libc_nano.a(libc_a-dtoa.o)
                0x08001580                _dtoa_r
 .text.malloc   0x08002140       0x10 C:/arm-gnu-toolchain-14.2.rel1-mingw-w64-x86_64-arm-none-eabi/bin/../lib/gcc/arm-none-eabi/14.2.1/thumb/v7e-m+fp/hard\libc_nano.a(libc_a-malloc.o)
                0x08002140                malloc
 .text.sbrk_aligned
                0x08002150       0x44 C:/arm-gnu-toolchain-14.2.rel1-mingw-w64-x86_64-arm-none-eabi/bin/../lib/gcc/arm-none-eabi/14.2.1/thumb/v7e-m+fp/hard\libc_nano.a(libc_a-mallocr.o)
 .text._malloc_r
                0x08002194      0x100 C:/arm-gnu-toolchain-14.2.rel1-mingw-w64-x86_64-arm-none-eabi/bin/../lib/gcc/arm-none-eabi/14.2.1/thumb/v7e-m+fp/hard\libc_nano.a(libc_a-mallocr.o)
                0x08002194                _malloc_r
 .text.__malloc_lock
                0x08002294        0xc C:/arm-gnu-toolchain-14.2.rel1-mingw-w64-x86_64-arm-none-eabi/bin/../lib/gcc/arm-none-eabi/14.2.1/thumb/v7e-m+fp/hard\libc_nano.a(libc_a-mlock.o)
                0x08002294                __malloc_lock
 .text.__malloc_unlock
                0x080022a0        0xc C:/arm-gnu-toolchain-14.2.rel1-mingw-w64-x86_64-arm-none-eabi/bin/../lib/gcc/arm-none-eabi/14.2.1/thumb/v7e-m+fp/hard\libc_nano.a(libc_a-mlock.o)
                0x080022a0                __malloc_unlock
 .text._Balloc  0x080022ac       0x7c C:/arm-gnu-toolchain-14.2.rel1-mingw-w64-x86_64-arm-none-eabi/bin/../lib/gcc/arm-none-eabi/14.2.1/thumb/v7e-m+fp/hard\libc_nano.a(libc_a-mprec.o)
                0x080022ac                _Balloc
 .text._Bfree   0x08002328       0x44 C:/arm-gnu-toolchain-14.2.rel1-mingw-w64-x86_64-arm-none-eabi/bin/../lib/gcc/arm-none-eabi/14.2.1/thumb/v7e-m+fp/hard\libc_nano.a(libc_a-mprec.o)
                0x08002328                _Bfree
 .text.__multadd
                0x0800236c       0x8c C:/arm-gnu-toolchain-14.2.rel1-mingw-w64-x86_64-arm-none-eabi/bin/../lib/gcc/arm-none-eabi/14.2.1/thumb/v7e-m+fp/hard\libc_nano.a(libc_a-mprec.o)
                0x0800236c                __multadd
 .text.__hi0bits
                0x080023f8       0x3e C:/arm-gnu-toolchain-14.2.rel1-mingw-w64-x86_64-arm-none-eabi/bin/../lib/gcc/arm-none-eabi/14.2.1/thumb/v7e-m+fp/hard\libc_nano.a(libc_a-mprec.o)
                0x080023f8                __hi0bits
 .text.__lo0bits
                0x08002436       0x5a C:/arm-gnu-toolchain-14.2.rel1-mingw-w64-x86_64-arm-none-eabi/bin/../lib/gcc/arm-none-eabi/14.2.1/thumb/v7e-m+fp/hard\libc_nano.a(libc_a-mprec.o)
                0x08002436                __lo0bits
 .text.__i2b    0x08002490       0x2c C:/arm-gnu-toolchain-14.2.rel1-mingw-w64-x86_64-arm-none-eabi/bin/../lib/gcc/arm-none-eabi/14.2.1/thumb/v7e-m+fp/hard\libc_nano.a(libc_a-mprec.o)
                0x08002490                __i2b
 .text.__multiply
                0x080024bc      0x154 C:/arm-gnu-toolchain-14.2.rel1-mingw-w64-x86_64-arm-none-eabi/bin/../lib/gcc/arm-none-eabi/14.2.1/thumb/v7e-m+fp/hard\libc_nano.a(libc_a-mprec.o)
                0x080024bc                __multiply
 .text.__pow5mult
                0x08002610       0xb8 C:/arm-gnu-toolchain-14.2.rel1-mingw-w64-x86_64-arm-none-eabi/bin/../lib/gcc/arm-none-eabi/14.2.1/thumb/v7e-m+fp/hard\libc_nano.a(libc_a-mprec.o)
                0x08002610                __pow5mult
 .text.__lshift
                0x080026c8       0xdc C:/arm-gnu-toolchain-14.2.rel1-mingw-w64-x86_64-arm-none-eabi/bin/../lib/gcc/arm-none-eabi/14.2.1/thumb/v7e-m+fp/hard\libc_nano.a(libc_a-mprec.o)
                0x080026c8                __lshift
 .text.__mcmp   0x080027a4       0x36 C:/arm-gnu-toolchain-14.2.rel1-mingw-w64-x86_64-arm-none-eabi/bin/../lib/gcc/arm-none-eabi/14.2.1/thumb/v7e-m+fp/hard\libc_nano.a(libc_a-mprec.o)
                0x080027a4                __mcmp
 *fill*         0x080027da        0x2 
 .text.__mdiff  0x080027dc      0x130 C:/arm-gnu-toolchain-14.2.rel1-mingw-w64-x86_64-arm-none-eabi/bin/../lib/gcc/arm-none-eabi/14.2.1/thumb/v7e-m+fp/hard\libc_nano.a(libc_a-mprec.o)
                0x080027dc                __mdiff
 .text.__d2b    0x0800290c       0xb0 C:/arm-gnu-toolchain-14.2.rel1-mingw-w64-x86_64-arm-none-eabi/bin/../lib/gcc/arm-none-eabi/14.2.1/thumb/v7e-m+fp/hard\libc_nano.a(libc_a-mprec.o)
                0x0800290c                __d2b
 .text._sbrk_r  0x080029bc       0x20 C:/arm-gnu-toolchain-14.2.rel1-mingw-w64-x86_64-arm-none-eabi/bin/../lib/gcc/arm-none-eabi/14.2.1/thumb/v7e-m+fp/hard\libc_nano.a(libc_a-sbrkr.o)
                0x080029bc                _sbrk_r
 .text.__retarget_lock_init_recursive
                0x080029dc        0x2 C:/arm-gnu-toolchain-14.2.rel1-mingw-w64-x86_64-arm-none-eabi/bin/../lib/gcc/arm-none-eabi/14.2.1/thumb/v7e-m+fp/hard\libc_nano.a(libc_a-lock.o)
                0x080029dc                __retarget_lock_init_recursive
 .text.__retarget_lock_acquire_recursive
                0x080029de        0x2 C:/arm-gnu-toolchain-14.2.rel1-mingw-w64-x86_64-arm-none-eabi/bin/../lib/gcc/arm-none-eabi/14.2.1/thumb/v7e-m+fp/hard\libc_nano.a(libc_a-lock.o)
                0x080029de                __retarget_lock_acquire_recursive
 .text.__retarget_lock_release_recursive
                0x080029e0        0x2 C:/arm-gnu-toolchain-14.2.rel1-mingw-w64-x86_64-arm-none-eabi/bin/../lib/gcc/arm-none-eabi/14.2.1/thumb/v7e-m+fp/hard\libc_nano.a(libc_a-lock.o)
                0x080029e0                __retarget_lock_release_recursive
 .text.memcpy   0x080029e2       0x1c C:/arm-gnu-toolchain-14.2.rel1-mingw-w64-x86_64-arm-none-eabi/bin/../lib/gcc/arm-none-eabi/14.2.1/thumb/v7e-m+fp/hard\libc_nano.a(libc_a-memcpy-stub.o)
                0x080029e2                memcpy
 *fill*         0x080029fe        0x2 
 .text.__assert_func
                0x08002a00       0x3c C:/arm-gnu-toolchain-14.2.rel1-mingw-w64-x86_64-arm-none-eabi/bin/../lib/gcc/arm-none-eabi/14.2.1/thumb/v7e-m+fp/hard\libc_nano.a(libc_a-assert.o)
                0x08002a00                __assert_func
 .text._calloc_r
                0x08002a3c       0x28 C:/arm-gnu-toolchain-14.2.rel1-mingw-w64-x86_64-arm-none-eabi/bin/../lib/gcc/arm-none-eabi/14.2.1/thumb/v7e-m+fp/hard\libc_nano.a(libc_a-callocr.o)
                0x08002a3c                _calloc_r
 .text._free_r  0x08002a64       0x94 C:/arm-gnu-toolchain-14.2.rel1-mingw-w64-x86_64-arm-none-eabi/bin/../lib/gcc/arm-none-eabi/14.2.1/thumb/v7e-m+fp/hard\libc_nano.a(libc_a-freer.o)
                0x08002a64                _free_r
 .text.__ascii_mbtowc
                0x08002af8       0x24 C:/arm-gnu-toolchain-14.2.rel1-mingw-w64-x86_64-arm-none-eabi/bin/../lib/gcc/arm-none-eabi/14.2.1/thumb/v7e-m+fp/hard\libc_nano.a(libc_a-mbtowc_r.o)
                0x08002af8                __ascii_mbtowc
 .text.__ascii_wctomb
                0x08002b1c       0x1a C:/arm-gnu-toolchain-14.2.rel1-mingw-w64-x86_64-arm-none-eabi/bin/../lib/gcc/arm-none-eabi/14.2.1/thumb/v7e-m+fp/hard\libc_nano.a(libc_a-wctomb_r.o)
                0x08002b1c                __ascii_wctomb
 *fill*         0x08002b36        0x2 
 .text.fprintf  0x08002b38       0x24 C:/arm-gnu-toolchain-14.2.rel1-mingw-w64-x86_64-arm-none-eabi/bin/../lib/gcc/arm-none-eabi/14.2.1/thumb/v7e-m+fp/hard\libc_nano.a(libc_a-fprintf.o)
                0x08002b38                fiprintf
                0x08002b38                fprintf
 .text.memset   0x08002b5c       0x10 C:/arm-gnu-toolchain-14.2.rel1-mingw-w64-x86_64-arm-none-eabi/bin/../lib/gcc/arm-none-eabi/14.2.1/thumb/v7e-m+fp/hard\libc_nano.a(libc_a-memset.o)
                0x08002b5c                memset
 .text.abort    0x08002b6c        0xe C:/arm-gnu-toolchain-14.2.rel1-mingw-w64-x86_64-arm-none-eabi/bin/../lib/gcc/arm-none-eabi/14.2.1/thumb/v7e-m+fp/hard\libc_nano.a(libc_a-abort.o)
                0x08002b6c                abort
 .text.__sfputc_r
                0x08002b7a       0x2e C:/arm-gnu-toolchain-14.2.rel1-mingw-w64-x86_64-arm-none-eabi/bin/../lib/gcc/arm-none-eabi/14.2.1/thumb/v7e-m+fp/hard\libc_nano.a(libc_a-nano-vfprintf.o)
 .text.__sfputs_r
                0x08002ba8       0x24 C:/arm-gnu-toolchain-14.2.rel1-mingw-w64-x86_64-arm-none-eabi/bin/../lib/gcc/arm-none-eabi/14.2.1/thumb/v7e-m+fp/hard\libc_nano.a(libc_a-nano-vfprintf.o)
                0x08002ba8                __sfputs_r
 .text._vfprintf_r
                0x08002bcc      0x230 C:/arm-gnu-toolchain-14.2.rel1-mingw-w64-x86_64-arm-none-eabi/bin/../lib/gcc/arm-none-eabi/14.2.1/thumb/v7e-m+fp/hard\libc_nano.a(libc_a-nano-vfprintf.o)
                0x08002bcc                _vfprintf_r
                0x08002bcc                _vfiprintf_r
 .text.std      0x08002dfc       0x6c C:/arm-gnu-toolchain-14.2.rel1-mingw-w64-x86_64-arm-none-eabi/bin/../lib/gcc/arm-none-eabi/14.2.1/thumb/v7e-m+fp/hard\libc_nano.a(libc_a-findfp.o)
 .text.stdio_exit_handler
                0x08002e68       0x18 C:/arm-gnu-toolchain-14.2.rel1-mingw-w64-x86_64-arm-none-eabi/bin/../lib/gcc/arm-none-eabi/14.2.1/thumb/v7e-m+fp/hard\libc_nano.a(libc_a-findfp.o)
 .text.cleanup_stdio
                0x08002e80       0x40 C:/arm-gnu-toolchain-14.2.rel1-mingw-w64-x86_64-arm-none-eabi/bin/../lib/gcc/arm-none-eabi/14.2.1/thumb/v7e-m+fp/hard\libc_nano.a(libc_a-findfp.o)
 .text.global_stdio_init.part.0
                0x08002ec0       0x40 C:/arm-gnu-toolchain-14.2.rel1-mingw-w64-x86_64-arm-none-eabi/bin/../lib/gcc/arm-none-eabi/14.2.1/thumb/v7e-m+fp/hard\libc_nano.a(libc_a-findfp.o)
 .text.__sfp_lock_acquire
                0x08002f00        0xc C:/arm-gnu-toolchain-14.2.rel1-mingw-w64-x86_64-arm-none-eabi/bin/../lib/gcc/arm-none-eabi/14.2.1/thumb/v7e-m+fp/hard\libc_nano.a(libc_a-findfp.o)
                0x08002f00                __sfp_lock_acquire
 .text.__sfp_lock_release
                0x08002f0c        0xc C:/arm-gnu-toolchain-14.2.rel1-mingw-w64-x86_64-arm-none-eabi/bin/../lib/gcc/arm-none-eabi/14.2.1/thumb/v7e-m+fp/hard\libc_nano.a(libc_a-findfp.o)
                0x08002f0c                __sfp_lock_release
 .text.__sinit  0x08002f18       0x30 C:/arm-gnu-toolchain-14.2.rel1-mingw-w64-x86_64-arm-none-eabi/bin/../lib/gcc/arm-none-eabi/14.2.1/thumb/v7e-m+fp/hard\libc_nano.a(libc_a-findfp.o)
                0x08002f18                __sinit
 .text._fwalk_sglue
                0x08002f48       0x3c C:/arm-gnu-toolchain-14.2.rel1-mingw-w64-x86_64-arm-none-eabi/bin/../lib/gcc/arm-none-eabi/14.2.1/thumb/v7e-m+fp/hard\libc_nano.a(libc_a-fwalk.o)
                0x08002f48                _fwalk_sglue
 .text.__sread  0x08002f84       0x22 C:/arm-gnu-toolchain-14.2.rel1-mingw-w64-x86_64-arm-none-eabi/bin/../lib/gcc/arm-none-eabi/14.2.1/thumb/v7e-m+fp/hard\libc_nano.a(libc_a-stdio.o)
                0x08002f84                __sread
 .text.__swrite
                0x08002fa6       0x38 C:/arm-gnu-toolchain-14.2.rel1-mingw-w64-x86_64-arm-none-eabi/bin/../lib/gcc/arm-none-eabi/14.2.1/thumb/v7e-m+fp/hard\libc_nano.a(libc_a-stdio.o)
                0x08002fa6                __swrite
 .text.__sseek  0x08002fde       0x26 C:/arm-gnu-toolchain-14.2.rel1-mingw-w64-x86_64-arm-none-eabi/bin/../lib/gcc/arm-none-eabi/14.2.1/thumb/v7e-m+fp/hard\libc_nano.a(libc_a-stdio.o)
                0x08002fde                __sseek
 .text.__sclose
                0x08003004        0x8 C:/arm-gnu-toolchain-14.2.rel1-mingw-w64-x86_64-arm-none-eabi/bin/../lib/gcc/arm-none-eabi/14.2.1/thumb/v7e-m+fp/hard\libc_nano.a(libc_a-stdio.o)
                0x08003004                __sclose
 .text.__swbuf_r
                0x0800300c       0x7c C:/arm-gnu-toolchain-14.2.rel1-mingw-w64-x86_64-arm-none-eabi/bin/../lib/gcc/arm-none-eabi/14.2.1/thumb/v7e-m+fp/hard\libc_nano.a(libc_a-wbuf.o)
                0x0800300c                __swbuf_r
 .text.__swsetup_r
                0x08003088       0xa8 C:/arm-gnu-toolchain-14.2.rel1-mingw-w64-x86_64-arm-none-eabi/bin/../lib/gcc/arm-none-eabi/14.2.1/thumb/v7e-m+fp/hard\libc_nano.a(libc_a-wsetup.o)
                0x08003088                __swsetup_r
 .text._raise_r
                0x08003130       0x50 C:/arm-gnu-toolchain-14.2.rel1-mingw-w64-x86_64-arm-none-eabi/bin/../lib/gcc/arm-none-eabi/14.2.1/thumb/v7e-m+fp/hard\libc_nano.a(libc_a-signal.o)
                0x08003130                _raise_r
 .text.raise    0x08003180       0x10 C:/arm-gnu-toolchain-14.2.rel1-mingw-w64-x86_64-arm-none-eabi/bin/../lib/gcc/arm-none-eabi/14.2.1/thumb/v7e-m+fp/hard\libc_nano.a(libc_a-signal.o)
                0x08003180                raise
 .text._close_r
                0x08003190       0x20 C:/arm-gnu-toolchain-14.2.rel1-mingw-w64-x86_64-arm-none-eabi/bin/../lib/gcc/arm-none-eabi/14.2.1/thumb/v7e-m+fp/hard\libc_nano.a(libc_a-closer.o)
                0x08003190                _close_r
 .text._lseek_r
                0x080031b0       0x24 C:/arm-gnu-toolchain-14.2.rel1-mingw-w64-x86_64-arm-none-eabi/bin/../lib/gcc/arm-none-eabi/14.2.1/thumb/v7e-m+fp/hard\libc_nano.a(libc_a-lseekr.o)
                0x080031b0                _lseek_r
 .text._read_r  0x080031d4       0x24 C:/arm-gnu-toolchain-14.2.rel1-mingw-w64-x86_64-arm-none-eabi/bin/../lib/gcc/arm-none-eabi/14.2.1/thumb/v7e-m+fp/hard\libc_nano.a(libc_a-readr.o)
                0x080031d4                _read_r
 .text._kill_r  0x080031f8       0x24 C:/arm-gnu-toolchain-14.2.rel1-mingw-w64-x86_64-arm-none-eabi/bin/../lib/gcc/arm-none-eabi/14.2.1/thumb/v7e-m+fp/hard\libc_nano.a(libc_a-signalr.o)
                0x080031f8                _kill_r
 .text._getpid_r
                0x0800321c        0x4 C:/arm-gnu-toolchain-14.2.rel1-mingw-w64-x86_64-arm-none-eabi/bin/../lib/gcc/arm-none-eabi/14.2.1/thumb/v7e-m+fp/hard\libc_nano.a(libc_a-signalr.o)
                0x0800321c                _getpid_r
 .text._write_r
                0x08003220       0x24 C:/arm-gnu-toolchain-14.2.rel1-mingw-w64-x86_64-arm-none-eabi/bin/../lib/gcc/arm-none-eabi/14.2.1/thumb/v7e-m+fp/hard\libc_nano.a(libc_a-writer.o)
                0x08003220                _write_r
 .text.__sflush_r
                0x08003244      0x104 C:/arm-gnu-toolchain-14.2.rel1-mingw-w64-x86_64-arm-none-eabi/bin/../lib/gcc/arm-none-eabi/14.2.1/thumb/v7e-m+fp/hard\libc_nano.a(libc_a-fflush.o)
                0x08003244                __sflush_r
 .text._fflush_r
                0x08003348       0x50 C:/arm-gnu-toolchain-14.2.rel1-mingw-w64-x86_64-arm-none-eabi/bin/../lib/gcc/arm-none-eabi/14.2.1/thumb/v7e-m+fp/hard\libc_nano.a(libc_a-fflush.o)
                0x08003348                _fflush_r
 .text.__swhatbuf_r
                0x08003398       0x48 C:/arm-gnu-toolchain-14.2.rel1-mingw-w64-x86_64-arm-none-eabi/bin/../lib/gcc/arm-none-eabi/14.2.1/thumb/v7e-m+fp/hard\libc_nano.a(libc_a-makebuf.o)
                0x08003398                __swhatbuf_r
 .text.__smakebuf_r
                0x080033e0       0x72 C:/arm-gnu-toolchain-14.2.rel1-mingw-w64-x86_64-arm-none-eabi/bin/../lib/gcc/arm-none-eabi/14.2.1/thumb/v7e-m+fp/hard\libc_nano.a(libc_a-makebuf.o)
                0x080033e0                __smakebuf_r
 *fill*         0x08003452        0x2 
 .text._fstat_r
                0x08003454       0x24 C:/arm-gnu-toolchain-14.2.rel1-mingw-w64-x86_64-arm-none-eabi/bin/../lib/gcc/arm-none-eabi/14.2.1/thumb/v7e-m+fp/hard\libc_nano.a(libc_a-fstatr.o)
                0x08003454                _fstat_r
 .text._isatty_r
                0x08003478       0x20 C:/arm-gnu-toolchain-14.2.rel1-mingw-w64-x86_64-arm-none-eabi/bin/../lib/gcc/arm-none-eabi/14.2.1/thumb/v7e-m+fp/hard\libc_nano.a(libc_a-isattyr.o)
                0x08003478                _isatty_r
 .text.SystemInit
                0x08003498       0x24 CMakeFiles/STM32_G474.elf.dir/Core/system_stm32g4xx.c.obj
                0x08003498                SystemInit
 .text.LL_SetSystemCoreClock
                0x080034bc       0x20 CMakeFiles/STM32_G474.elf.dir/Core/stm32g4xx_ll_utils.c.obj
                0x080034bc                LL_SetSystemCoreClock
 .text.LL_RCC_GetSysClkSource
                0x080034dc       0x1c CMakeFiles/STM32_G474.elf.dir/Core/stm32g4xx_ll_rcc.c.obj
 .text.LL_RCC_GetAHBPrescaler
                0x080034f8       0x1c CMakeFiles/STM32_G474.elf.dir/Core/stm32g4xx_ll_rcc.c.obj
 .text.LL_RCC_GetAPB1Prescaler
                0x08003514       0x1c CMakeFiles/STM32_G474.elf.dir/Core/stm32g4xx_ll_rcc.c.obj
 .text.LL_RCC_GetAPB2Prescaler
                0x08003530       0x1c CMakeFiles/STM32_G474.elf.dir/Core/stm32g4xx_ll_rcc.c.obj
 .text.LL_RCC_PLL_GetMainSource
                0x0800354c       0x1c CMakeFiles/STM32_G474.elf.dir/Core/stm32g4xx_ll_rcc.c.obj
 .text.LL_RCC_PLL_GetN
                0x08003568       0x1c CMakeFiles/STM32_G474.elf.dir/Core/stm32g4xx_ll_rcc.c.obj
 .text.LL_RCC_PLL_GetR
                0x08003584       0x1c CMakeFiles/STM32_G474.elf.dir/Core/stm32g4xx_ll_rcc.c.obj
 .text.LL_RCC_PLL_GetDivider
                0x080035a0       0x1c CMakeFiles/STM32_G474.elf.dir/Core/stm32g4xx_ll_rcc.c.obj
 .text.LL_RCC_GetSystemClocksFreq
                0x080035bc       0x4a CMakeFiles/STM32_G474.elf.dir/Core/stm32g4xx_ll_rcc.c.obj
                0x080035bc                LL_RCC_GetSystemClocksFreq
 *fill*         0x08003606        0x2 
 .text.RCC_GetSystemClockFreq
                0x08003608       0x4c CMakeFiles/STM32_G474.elf.dir/Core/stm32g4xx_ll_rcc.c.obj
 .text.RCC_GetHCLKClockFreq
                0x08003654       0x30 CMakeFiles/STM32_G474.elf.dir/Core/stm32g4xx_ll_rcc.c.obj
 .text.RCC_GetPCLK1ClockFreq
                0x08003684       0x2c CMakeFiles/STM32_G474.elf.dir/Core/stm32g4xx_ll_rcc.c.obj
 .text.RCC_GetPCLK2ClockFreq
                0x080036b0       0x2c CMakeFiles/STM32_G474.elf.dir/Core/stm32g4xx_ll_rcc.c.obj
 .text.RCC_PLL_GetFreqDomain_SYS
                0x080036dc       0x68 CMakeFiles/STM32_G474.elf.dir/Core/stm32g4xx_ll_rcc.c.obj
 .text.main     0x08003744       0x60 CMakeFiles/STM32_G474.elf.dir/src/main.c.obj
                0x08003744                main
 .text.Default_Handler
                0x080037a4        0x8 CMakeFiles/STM32_G474.elf.dir/src/stm32g4xx_startup.c.obj
                0x080037a4                RTC_Alarm_IRQHandler
                0x080037a4                EXTI2_IRQHandler
                0x080037a4                TIM8_TRG_COM_IRQHandler
                0x080037a4                TIM8_CC_IRQHandler
                0x080037a4                HRTIM1_Master_IRQHandler
                0x080037a4                DebugMon_Handler
                0x080037a4                SPI4_IRQHandler
                0x080037a4                FDCAN3_IT0_IRQHandler
                0x080037a4                TIM1_CC_IRQHandler
                0x080037a4                HardFault_Handler
                0x080037a4                HRTIM1_FLT_IRQHandler
                0x080037a4                HRTIM1_TIMF_IRQHandler
                0x080037a4                USB_HP_IRQHandler
                0x080037a4                CORDIC_IRQHandler
                0x080037a4                HRTIM1_TIMD_IRQHandler
                0x080037a4                PendSV_Handler
                0x080037a4                DMA2_Channel8_IRQHandler
                0x080037a4                NMI_Handler
                0x080037a4                EXTI3_IRQHandler
                0x080037a4                I2C3_ER_IRQHandler
                0x080037a4                EXTI0_IRQHandler
                0x080037a4                I2C2_EV_IRQHandler
                0x080037a4                FPU_IRQHandler
                0x080037a4                FDCAN1_IT1_IRQHandler
                0x080037a4                TIM1_UP_TIM16_IRQHandler
                0x080037a4                UsageFault_Handler
                0x080037a4                ADC1_2_IRQHandler
                0x080037a4                HRTIM1_TIME_IRQHandler
                0x080037a4                SPI1_IRQHandler
                0x080037a4                TIM6_DAC_IRQHandler
                0x080037a4                HRTIM1_TIMC_IRQHandler
                0x080037a4                TIM8_UP_IRQHandler
                0x080037a4                DMA2_Channel2_IRQHandler
                0x080037a4                DMA1_Channel4_IRQHandler
                0x080037a4                TIM20_TRG_COM_IRQHandler
                0x080037a4                USART3_IRQHandler
                0x080037a4                DMA1_Channel7_IRQHandler
                0x080037a4                UART5_IRQHandler
                0x080037a4                ADC3_IRQHandler
                0x080037a4                TIM4_IRQHandler
                0x080037a4                DMA2_Channel1_IRQHandler
                0x080037a4                QUADSPI_IRQHandler
                0x080037a4                I2C1_EV_IRQHandler
                0x080037a4                DMA1_Channel6_IRQHandler
                0x080037a4                UART4_IRQHandler
                0x080037a4                DMA2_Channel4_IRQHandler
                0x080037a4                TIM3_IRQHandler
                0x080037a4                RCC_IRQHandler
                0x080037a4                TIM20_UP_IRQHandler
                0x080037a4                DMA1_Channel1_IRQHandler
                0x080037a4                Default_Handler
                0x080037a4                DMA2_Channel7_IRQHandler
                0x080037a4                RTC_TAMP_LSECSS_IRQHandler
                0x080037a4                FMAC_IRQHandler
                0x080037a4                EXTI15_10_IRQHandler
                0x080037a4                DMA1_Channel8_IRQHandler
                0x080037a4                HRTIM1_TIMA_IRQHandler
                0x080037a4                TIM7_DAC_IRQHandler
                0x080037a4                FDCAN3_IT1_IRQHandler
                0x080037a4                TIM5_IRQHandler
                0x080037a4                UCPD1_IRQHandler
                0x080037a4                I2C3_EV_IRQHandler
                0x080037a4                EXTI9_5_IRQHandler
                0x080037a4                RTC_WKUP_IRQHandler
                0x080037a4                PVD_PVM_IRQHandler
                0x080037a4                SPI2_IRQHandler
                0x080037a4                MemManage_Handler
                0x080037a4                ADC5_IRQHandler
                0x080037a4                SVC_Handler
                0x080037a4                DMA2_Channel5_IRQHandler
                0x080037a4                CRS_IRQHandler
                0x080037a4                DMA1_Channel5_IRQHandler
                0x080037a4                USB_LP_IRQHandler
                0x080037a4                EXTI4_IRQHandler
                0x080037a4                RNG_IRQHandler
                0x080037a4                HRTIM1_TIMB_IRQHandler
                0x080037a4                TIM1_TRG_COM_TIM17_IRQHandler
                0x080037a4                FDCAN2_IT1_IRQHandler
                0x080037a4                DMA1_Channel3_IRQHandler
                0x080037a4                ADC4_IRQHandler
                0x080037a4                WWDG_IRQHandler
                0x080037a4                I2C4_EV_IRQHandler
                0x080037a4                FDCAN2_IT0_IRQHandler
                0x080037a4                LPUART1_IRQHandler
                0x080037a4                DMA2_Channel6_IRQHandler
                0x080037a4                FDCAN1_IT0_IRQHandler
                0x080037a4                TIM2_IRQHandler
                0x080037a4                COMP7_IRQHandler
                0x080037a4                COMP1_2_3_IRQHandler
                0x080037a4                EXTI1_IRQHandler
                0x080037a4                USART2_IRQHandler
                0x080037a4                COMP4_5_6_IRQHandler
                0x080037a4                TIM20_BRK_IRQHandler
                0x080037a4                I2C2_ER_IRQHandler
                0x080037a4                DMA1_Channel2_IRQHandler
                0x080037a4                TIM8_BRK_IRQHandler
                0x080037a4                FLASH_IRQHandler
                0x080037a4                TIM20_CC_IRQHandler
                0x080037a4                BusFault_Handler
                0x080037a4                USART1_IRQHandler
                0x080037a4                SPI3_IRQHandler
                0x080037a4                I2C1_ER_IRQHandler
                0x080037a4                FMC_IRQHandler
                0x080037a4                LPTIM1_IRQHandler
                0x080037a4                DMAMUX_OVR_IRQHandler
                0x080037a4                I2C4_ER_IRQHandler
                0x080037a4                USBWakeUp_IRQHandler
                0x080037a4                SAI1_IRQHandler
                0x080037a4                DMA2_Channel3_IRQHandler
                0x080037a4                TIM1_BRK_TIM15_IRQHandler
 .text.Reset_Handler
                0x080037ac       0x8c CMakeFiles/STM32_G474.elf.dir/src/stm32g4xx_startup.c.obj
                0x080037ac                Reset_Handler
 .text.LL_AHB2_GRP1_EnableClock
                0x08003838       0x30 CMakeFiles/STM32_G474.elf.dir/src/Initialize.c.obj
 .text.InitializeGPIO
                0x08003868       0x34 CMakeFiles/STM32_G474.elf.dir/src/Initialize.c.obj
                0x08003868                InitializeGPIO
 .text.ITM_SendChar
                0x0800389c       0x4e CMakeFiles/STM32_G474.elf.dir/src/syscalls.c.obj
 .text._getpid  0x080038ea       0x10 CMakeFiles/STM32_G474.elf.dir/src/syscalls.c.obj
                0x080038ea                _getpid
 .text._kill    0x080038fa       0x20 CMakeFiles/STM32_G474.elf.dir/src/syscalls.c.obj
                0x080038fa                _kill
 .text._exit    0x0800391a       0x16 CMakeFiles/STM32_G474.elf.dir/src/syscalls.c.obj
                0x0800391a                _exit
 .text._read    0x08003930       0x3a CMakeFiles/STM32_G474.elf.dir/src/syscalls.c.obj
                0x08003930                _read
 .text._write   0x0800396a       0x38 CMakeFiles/STM32_G474.elf.dir/src/syscalls.c.obj
                0x0800396a                _write
 .text._close   0x080039a2       0x18 CMakeFiles/STM32_G474.elf.dir/src/syscalls.c.obj
                0x080039a2                _close
 .text._fstat   0x080039ba       0x20 CMakeFiles/STM32_G474.elf.dir/src/syscalls.c.obj
                0x080039ba                _fstat
 .text._isatty  0x080039da       0x16 CMakeFiles/STM32_G474.elf.dir/src/syscalls.c.obj
                0x080039da                _isatty
 .text._lseek   0x080039f0       0x1a CMakeFiles/STM32_G474.elf.dir/src/syscalls.c.obj
                0x080039f0                _lseek
 *fill*         0x08003a0a        0x2 
 .text._sbrk    0x08003a0c       0x60 CMakeFiles/STM32_G474.elf.dir/src/syscalls.c.obj
                0x08003a0c                _sbrk
 .text.__NVIC_SetPriorityGrouping
                0x08003a6c       0x48 CMakeFiles/STM32_G474.elf.dir/src/system.c.obj
 .text.__NVIC_GetPriorityGrouping
                0x08003ab4       0x1c CMakeFiles/STM32_G474.elf.dir/src/system.c.obj
 .text.__NVIC_SetPriority
                0x08003ad0       0x54 CMakeFiles/STM32_G474.elf.dir/src/system.c.obj
 .text.NVIC_EncodePriority
                0x08003b24       0x66 CMakeFiles/STM32_G474.elf.dir/src/system.c.obj
 *fill*         0x08003b8a        0x2 
 .text.SysTick_Config
                0x08003b8c       0x44 CMakeFiles/STM32_G474.elf.dir/src/system.c.obj
 .text.LL_APB1_GRP1_EnableClock
                0x08003bd0       0x30 CMakeFiles/STM32_G474.elf.dir/src/system.c.obj
 .text.LL_APB2_GRP1_EnableClock
                0x08003c00       0x30 CMakeFiles/STM32_G474.elf.dir/src/system.c.obj
 .text.LL_FLASH_SetLatency
                0x08003c30       0x28 CMakeFiles/STM32_G474.elf.dir/src/system.c.obj
 .text.LL_FLASH_GetLatency
                0x08003c58       0x1c CMakeFiles/STM32_G474.elf.dir/src/system.c.obj
 .text.LL_PWR_EnableRange1BoostMode
                0x08003c74       0x24 CMakeFiles/STM32_G474.elf.dir/src/system.c.obj
 .text.LL_PWR_DisableUCPDDeadBattery
                0x08003c98       0x20 CMakeFiles/STM32_G474.elf.dir/src/system.c.obj
 .text.LL_RCC_HSE_Enable
                0x08003cb8       0x20 CMakeFiles/STM32_G474.elf.dir/src/system.c.obj
 .text.LL_RCC_HSE_IsReady
                0x08003cd8       0x28 CMakeFiles/STM32_G474.elf.dir/src/system.c.obj
 .text.LL_RCC_HSI_Enable
                0x08003d00       0x20 CMakeFiles/STM32_G474.elf.dir/src/system.c.obj
 .text.LL_RCC_HSI_IsReady
                0x08003d20       0x28 CMakeFiles/STM32_G474.elf.dir/src/system.c.obj
 .text.LL_RCC_HSI_SetCalibTrimming
                0x08003d48       0x2c CMakeFiles/STM32_G474.elf.dir/src/system.c.obj
 .text.LL_RCC_SetSysClkSource
                0x08003d74       0x28 CMakeFiles/STM32_G474.elf.dir/src/system.c.obj
 .text.LL_RCC_GetSysClkSource
                0x08003d9c       0x1c CMakeFiles/STM32_G474.elf.dir/src/system.c.obj
 .text.LL_RCC_SetAHBPrescaler
                0x08003db8       0x28 CMakeFiles/STM32_G474.elf.dir/src/system.c.obj
 .text.LL_RCC_SetAPB1Prescaler
                0x08003de0       0x28 CMakeFiles/STM32_G474.elf.dir/src/system.c.obj
 .text.LL_RCC_SetAPB2Prescaler
                0x08003e08       0x28 CMakeFiles/STM32_G474.elf.dir/src/system.c.obj
 .text.LL_RCC_PLL_Enable
                0x08003e30       0x20 CMakeFiles/STM32_G474.elf.dir/src/system.c.obj
 .text.LL_RCC_PLL_IsReady
                0x08003e50       0x28 CMakeFiles/STM32_G474.elf.dir/src/system.c.obj
 .text.LL_RCC_PLL_ConfigDomain_SYS
                0x08003e78       0x40 CMakeFiles/STM32_G474.elf.dir/src/system.c.obj
 .text.LL_RCC_PLL_EnableDomain_SYS
                0x08003eb8       0x20 CMakeFiles/STM32_G474.elf.dir/src/system.c.obj
 .text.GetSysTick
                0x08003ed8       0x18 CMakeFiles/STM32_G474.elf.dir/src/system.c.obj
                0x08003ed8                GetSysTick
 .text.__libc_init_array
                0x08003ef0        0xe CMakeFiles/STM32_G474.elf.dir/src/system.c.obj
                0x08003ef0                __libc_init_array
 .text.InitSystem
                0x08003efe       0x16 CMakeFiles/STM32_G474.elf.dir/src/system.c.obj
                0x08003efe                InitSystem
 .text.InitSystemClock
                0x08003f14       0xa8 CMakeFiles/STM32_G474.elf.dir/src/system.c.obj
                0x08003f14                InitSystemClock
 .text.InitSysTick
                0x08003fbc       0x6c CMakeFiles/STM32_G474.elf.dir/src/system.c.obj
                0x08003fbc                InitSysTick
 .text.SysTick_Handler
                0x08004028       0x28 CMakeFiles/STM32_G474.elf.dir/src/system.c.obj
                0x08004028                SysTick_Handler
 .text.GetSysCoreClockCount
                0x08004050       0x18 CMakeFiles/STM32_G474.elf.dir/src/system.c.obj
                0x08004050                GetSysCoreClockCount
 .text.printf   0x08004068       0x28 C:/arm-gnu-toolchain-14.2.rel1-mingw-w64-x86_64-arm-none-eabi/bin/../lib/gcc/arm-none-eabi/14.2.1/thumb/v7e-m+fp/hard\libc.a(libc_a-printf.o)
                0x08004068                printf
 .text.__errno  0x08004090        0xc C:/arm-gnu-toolchain-14.2.rel1-mingw-w64-x86_64-arm-none-eabi/bin/../lib/gcc/arm-none-eabi/14.2.1/thumb/v7e-m+fp/hard\libc.a(libc_a-errno.o)
                0x08004090                __errno
 *(.glue_7)
 .glue_7        0x0800409c        0x0 linker stubs
 *(.glue_7t)
 .glue_7t       0x0800409c        0x0 linker stubs
 *(.eh_frame)
 *(.init)
 *(.fini)
                0x0800409c                        . = ALIGN (0x4)
                0x0800409c                        _etext = .

.vfp11_veneer   0x0800409c        0x0
 .vfp11_veneer  0x0800409c        0x0 linker stubs

.v4_bx          0x0800409c        0x0
 .v4_bx         0x0800409c        0x0 linker stubs

.iplt           0x0800409c        0x0
 .iplt          0x0800409c        0x0 C:/arm-gnu-toolchain-14.2.rel1-mingw-w64-x86_64-arm-none-eabi/bin/../lib/gcc/arm-none-eabi/14.2.1/thumb/v7e-m+fp/hard\libc_nano.a(libc_a-nano-vfprintf_float.o)

.rodata         0x080040a0      0x394
                0x080040a0                        . = ALIGN (0x4)
 *(.rodata)
 .rodata        0x080040a0        0x5 CMakeFiles/STM32_G474.elf.dir/src/main.c.obj
 *(.rodata*)
 .rodata._printf_float.str1.1
                0x080040a5      0x177 C:/arm-gnu-toolchain-14.2.rel1-mingw-w64-x86_64-arm-none-eabi/bin/../lib/gcc/arm-none-eabi/14.2.1/thumb/v7e-m+fp/hard\libc_nano.a(libc_a-nano-vfprintf_float.o)
                                 0x12 (size before relaxing)
 .rodata._printf_i.str1.1
                0x0800421c       0x22 C:/arm-gnu-toolchain-14.2.rel1-mingw-w64-x86_64-arm-none-eabi/bin/../lib/gcc/arm-none-eabi/14.2.1/thumb/v7e-m+fp/hard\libc_nano.a(libc_a-nano-vfprintf_i.o)
 .rodata._dtoa_r.str1.1
                0x0800421c       0x92 C:/arm-gnu-toolchain-14.2.rel1-mingw-w64-x86_64-arm-none-eabi/bin/../lib/gcc/arm-none-eabi/14.2.1/thumb/v7e-m+fp/hard\libc_nano.a(libc_a-dtoa.o)
 .rodata._Balloc.str1.1
                0x0800421c       0x73 C:/arm-gnu-toolchain-14.2.rel1-mingw-w64-x86_64-arm-none-eabi/bin/../lib/gcc/arm-none-eabi/14.2.1/thumb/v7e-m+fp/hard\libc_nano.a(libc_a-mprec.o)
 .rodata.__multadd.str1.1
                0x0800421c       0x11 C:/arm-gnu-toolchain-14.2.rel1-mingw-w64-x86_64-arm-none-eabi/bin/../lib/gcc/arm-none-eabi/14.2.1/thumb/v7e-m+fp/hard\libc_nano.a(libc_a-mprec.o)
 .rodata.p05.0  0x0800421c        0xc C:/arm-gnu-toolchain-14.2.rel1-mingw-w64-x86_64-arm-none-eabi/bin/../lib/gcc/arm-none-eabi/14.2.1/thumb/v7e-m+fp/hard\libc_nano.a(libc_a-mprec.o)
 .rodata.__mprec_bigtens
                0x08004228       0x28 C:/arm-gnu-toolchain-14.2.rel1-mingw-w64-x86_64-arm-none-eabi/bin/../lib/gcc/arm-none-eabi/14.2.1/thumb/v7e-m+fp/hard\libc_nano.a(libc_a-mprec.o)
                0x08004228                __mprec_bigtens
 .rodata.__mprec_tens
                0x08004250       0xc8 C:/arm-gnu-toolchain-14.2.rel1-mingw-w64-x86_64-arm-none-eabi/bin/../lib/gcc/arm-none-eabi/14.2.1/thumb/v7e-m+fp/hard\libc_nano.a(libc_a-mprec.o)
                0x08004250                __mprec_tens
 .rodata._setlocale_r.str1.1
                0x08004318        0x9 C:/arm-gnu-toolchain-14.2.rel1-mingw-w64-x86_64-arm-none-eabi/bin/../lib/gcc/arm-none-eabi/14.2.1/thumb/v7e-m+fp/hard\libc_nano.a(libc_a-locale.o)
 .rodata.str1.1
                0x08004318        0x2 C:/arm-gnu-toolchain-14.2.rel1-mingw-w64-x86_64-arm-none-eabi/bin/../lib/gcc/arm-none-eabi/14.2.1/thumb/v7e-m+fp/hard\libc_nano.a(libc_a-locale.o)
 .rodata.__assert_func.str1.1
                0x08004318       0x3d C:/arm-gnu-toolchain-14.2.rel1-mingw-w64-x86_64-arm-none-eabi/bin/../lib/gcc/arm-none-eabi/14.2.1/thumb/v7e-m+fp/hard\libc_nano.a(libc_a-assert.o)
 .rodata._ctype_
                0x08004318      0x101 C:/arm-gnu-toolchain-14.2.rel1-mingw-w64-x86_64-arm-none-eabi/bin/../lib/gcc/arm-none-eabi/14.2.1/thumb/v7e-m+fp/hard\libc_nano.a(libc_a-ctype_.o)
                0x08004318                _ctype_
 .rodata._vfprintf_r.str1.1
                0x08004419       0x11 C:/arm-gnu-toolchain-14.2.rel1-mingw-w64-x86_64-arm-none-eabi/bin/../lib/gcc/arm-none-eabi/14.2.1/thumb/v7e-m+fp/hard\libc_nano.a(libc_a-nano-vfprintf.o)
 *fill*         0x08004419        0x3 
 .rodata.AHBPrescTable
                0x0800441c       0x10 CMakeFiles/STM32_G474.elf.dir/Core/system_stm32g4xx.c.obj
                0x0800441c                AHBPrescTable
 .rodata.APBPrescTable
                0x0800442c        0x8 CMakeFiles/STM32_G474.elf.dir/Core/system_stm32g4xx.c.obj
                0x0800442c                APBPrescTable
                0x08004434                        . = ALIGN (0x4)

.ARM.extab      0x08004434        0x0
                0x08004434                        . = ALIGN (0x4)
 *(.ARM.extab* .gnu.linkonce.armextab.*)
                0x08004434                        . = ALIGN (0x4)

.ARM            0x08004434        0x8
                0x08004434                        . = ALIGN (0x4)
                0x08004434                        __exidx_start = .
 *(.ARM.exidx*)
 .ARM.exidx     0x08004434        0x8 C:/arm-gnu-toolchain-14.2.rel1-mingw-w64-x86_64-arm-none-eabi/bin/../lib/gcc/arm-none-eabi/14.2.1/thumb/v7e-m+fp/hard\libc_nano.a(libc_a-memchr.o)
 .ARM.exidx     0x0800443c        0x0 C:/arm-gnu-toolchain-14.2.rel1-mingw-w64-x86_64-arm-none-eabi/bin/../lib/gcc/arm-none-eabi/14.2.1/thumb/v7e-m+fp/hard\libc_nano.a(libc_a-strlen.o)
                                  0x8 (size before relaxing)
                0x0800443c                        __exidx_end = .
                0x0800443c                        . = ALIGN (0x4)

.rel.dyn        0x0800443c        0x0
 .rel.iplt      0x0800443c        0x0 C:/arm-gnu-toolchain-14.2.rel1-mingw-w64-x86_64-arm-none-eabi/bin/../lib/gcc/arm-none-eabi/14.2.1/thumb/v7e-m+fp/hard\libc_nano.a(libc_a-nano-vfprintf_float.o)

.preinit_array  0x0800443c        0x0
                0x0800443c                        . = ALIGN (0x4)
                [!provide]                        PROVIDE (__preinit_array_start = .)
 *(.preinit_array*)
                [!provide]                        PROVIDE (__preinit_array_end = .)
                0x0800443c                        . = ALIGN (0x4)

.init_array     0x0800443c        0x0
                0x0800443c                        . = ALIGN (0x4)
                [!provide]                        PROVIDE (__init_array_start = .)
 *(SORT_BY_NAME(.init_array.*))
 *(.init_array*)
                [!provide]                        PROVIDE (__init_array_end = .)
                0x0800443c                        . = ALIGN (0x4)

.fini_array     0x0800443c        0x0
                0x0800443c                        . = ALIGN (0x4)
                [!provide]                        PROVIDE (__fini_array_start = .)
 *(SORT_BY_NAME(.fini_array.*))
 *(.fini_array*)
                [!provide]                        PROVIDE (__fini_array_end = .)
                0x0800443c                        . = ALIGN (0x4)
                0x0800443c                        _sidata = LOADADDR (.data)

.data           0x20000000      0x1d4 load address 0x0800443c
                0x20000000                        . = ALIGN (0x4)
                0x20000000                        _sdata = .
 *(.data)
 *(.data*)
 .data.__global_locale
                0x20000000      0x16c C:/arm-gnu-toolchain-14.2.rel1-mingw-w64-x86_64-arm-none-eabi/bin/../lib/gcc/arm-none-eabi/14.2.1/thumb/v7e-m+fp/hard\libc_nano.a(libc_a-locale.o)
                0x20000000                __global_locale
 .data._impure_ptr
                0x2000016c        0x4 C:/arm-gnu-toolchain-14.2.rel1-mingw-w64-x86_64-arm-none-eabi/bin/../lib/gcc/arm-none-eabi/14.2.1/thumb/v7e-m+fp/hard\libc_nano.a(libc_a-impure.o)
                0x2000016c                _impure_ptr
 .data._impure_data
                0x20000170       0x4c C:/arm-gnu-toolchain-14.2.rel1-mingw-w64-x86_64-arm-none-eabi/bin/../lib/gcc/arm-none-eabi/14.2.1/thumb/v7e-m+fp/hard\libc_nano.a(libc_a-impure.o)
                0x20000170                _impure_data
 .data.__sglue  0x200001bc        0xc C:/arm-gnu-toolchain-14.2.rel1-mingw-w64-x86_64-arm-none-eabi/bin/../lib/gcc/arm-none-eabi/14.2.1/thumb/v7e-m+fp/hard\libc_nano.a(libc_a-findfp.o)
                0x200001bc                __sglue
 .data.SystemCoreClock
                0x200001c8        0x4 CMakeFiles/STM32_G474.elf.dir/Core/system_stm32g4xx.c.obj
                0x200001c8                SystemCoreClock
 .data.uwTickPrio
                0x200001cc        0x4 CMakeFiles/STM32_G474.elf.dir/src/system.c.obj
 .data.uwTickFreq
                0x200001d0        0x1 CMakeFiles/STM32_G474.elf.dir/src/system.c.obj
                0x200001d0                uwTickFreq
 *(.RamFunc)
 *(.RamFunc*)
                0x200001d4                        . = ALIGN (0x4)
 *fill*         0x200001d1        0x3 
                0x200001d4                        _edata = .

.igot.plt       0x200001d4        0x0 load address 0x08004610
 .igot.plt      0x200001d4        0x0 C:/arm-gnu-toolchain-14.2.rel1-mingw-w64-x86_64-arm-none-eabi/bin/../lib/gcc/arm-none-eabi/14.2.1/thumb/v7e-m+fp/hard\libc_nano.a(libc_a-nano-vfprintf_float.o)
                0x200001d4                        . = ALIGN (0x4)

.bss            0x200001d4      0x168 load address 0x08004610
                0x200001d4                        _sbss = .
                0x200001d4                        __bss_start__ = _sbss
 *(.bss)
 *(.bss*)
 .bss.__malloc_sbrk_start
                0x200001d4        0x4 C:/arm-gnu-toolchain-14.2.rel1-mingw-w64-x86_64-arm-none-eabi/bin/../lib/gcc/arm-none-eabi/14.2.1/thumb/v7e-m+fp/hard\libc_nano.a(libc_a-mallocr.o)
                0x200001d4                __malloc_sbrk_start
 .bss.__malloc_free_list
                0x200001d8        0x4 C:/arm-gnu-toolchain-14.2.rel1-mingw-w64-x86_64-arm-none-eabi/bin/../lib/gcc/arm-none-eabi/14.2.1/thumb/v7e-m+fp/hard\libc_nano.a(libc_a-mallocr.o)
                0x200001d8                __malloc_free_list
 .bss.__lock___malloc_recursive_mutex
                0x200001dc        0x1 C:/arm-gnu-toolchain-14.2.rel1-mingw-w64-x86_64-arm-none-eabi/bin/../lib/gcc/arm-none-eabi/14.2.1/thumb/v7e-m+fp/hard\libc_nano.a(libc_a-lock.o)
                0x200001dc                __lock___malloc_recursive_mutex
 .bss.__lock___sfp_recursive_mutex
                0x200001dd        0x1 C:/arm-gnu-toolchain-14.2.rel1-mingw-w64-x86_64-arm-none-eabi/bin/../lib/gcc/arm-none-eabi/14.2.1/thumb/v7e-m+fp/hard\libc_nano.a(libc_a-lock.o)
                0x200001dd                __lock___sfp_recursive_mutex
 *fill*         0x200001de        0x2 
 .bss.errno     0x200001e0        0x4 C:/arm-gnu-toolchain-14.2.rel1-mingw-w64-x86_64-arm-none-eabi/bin/../lib/gcc/arm-none-eabi/14.2.1/thumb/v7e-m+fp/hard\libc_nano.a(libc_a-reent.o)
                0x200001e0                errno
 .bss.__sf      0x200001e4      0x138 C:/arm-gnu-toolchain-14.2.rel1-mingw-w64-x86_64-arm-none-eabi/bin/../lib/gcc/arm-none-eabi/14.2.1/thumb/v7e-m+fp/hard\libc_nano.a(libc_a-findfp.o)
                0x200001e4                __sf
 .bss.__stdio_exit_handler
                0x2000031c        0x4 C:/arm-gnu-toolchain-14.2.rel1-mingw-w64-x86_64-arm-none-eabi/bin/../lib/gcc/arm-none-eabi/14.2.1/thumb/v7e-m+fp/hard\libc_nano.a(libc_a-findfp.o)
                0x2000031c                __stdio_exit_handler
 .bss.clock_ref
                0x20000320       0x10 CMakeFiles/STM32_G474.elf.dir/src/main.c.obj
 .bss.heap.1    0x20000330        0x4 CMakeFiles/STM32_G474.elf.dir/src/syscalls.c.obj
 .bss.prev_heap.0
                0x20000334        0x4 CMakeFiles/STM32_G474.elf.dir/src/syscalls.c.obj
 .bss.uwTick    0x20000338        0x4 CMakeFiles/STM32_G474.elf.dir/src/system.c.obj
 *(COMMON)
                0x2000033c                        . = ALIGN (0x4)
                0x2000033c                        _ebss = .
                0x2000033c                        __bss_end__ = _ebss

._user_heap_stack
                0x2000033c      0x604 load address 0x08004610
                0x20000340                        . = ALIGN (0x8)
 *fill*         0x2000033c        0x4 
                0x20000340                        PROVIDE (__heap_start = .)
                [!provide]                        PROVIDE (end = .)
                [!provide]                        PROVIDE (_end = .)
                0x20000540                        . = (. + _Min_Heap_Size)
 *fill*         0x20000340      0x200 
                0x20000540                        PROVIDE (__heap_end = .)
                0x20000940                        . = (. + _Min_Stack_Size)
 *fill*         0x20000540      0x400 
                0x20000940                        . = ALIGN (0x8)

/DISCARD/
 libc.a(*)
 libm.a(*)
 libgcc.a(*)

.ARM.attributes
                0x00000000       0x32
 *(.ARM.attributes)
 .ARM.attributes
                0x00000000       0x34 C:/arm-gnu-toolchain-14.2.rel1-mingw-w64-x86_64-arm-none-eabi/bin/../lib/gcc/arm-none-eabi/14.2.1/thumb/v7e-m+fp/hard\libc_nano.a(libc_a-nano-vfprintf_float.o)
 .ARM.attributes
                0x00000034       0x34 C:/arm-gnu-toolchain-14.2.rel1-mingw-w64-x86_64-arm-none-eabi/bin/../lib/gcc/arm-none-eabi/14.2.1/thumb/v7e-m+fp/hard\libc_nano.a(libc_a-nano-vfprintf_i.o)
 .ARM.attributes
                0x00000068       0x34 C:/arm-gnu-toolchain-14.2.rel1-mingw-w64-x86_64-arm-none-eabi/bin/../lib/gcc/arm-none-eabi/14.2.1/thumb/v7e-m+fp/hard\libc_nano.a(libc_a-localeconv.o)
 .ARM.attributes
                0x0000009c       0x1c C:/arm-gnu-toolchain-14.2.rel1-mingw-w64-x86_64-arm-none-eabi/bin/../lib/gcc/arm-none-eabi/14.2.1/thumb/v7e-m+fp/hard\libc_nano.a(libc_a-memchr.o)
 .ARM.attributes
                0x000000b8       0x17 C:/arm-gnu-toolchain-14.2.rel1-mingw-w64-x86_64-arm-none-eabi/bin/../lib/gcc/arm-none-eabi/14.2.1/thumb/v7e-m+fp/hard\libc_nano.a(libc_a-strlen.o)
 .ARM.attributes
                0x000000cf       0x34 C:/arm-gnu-toolchain-14.2.rel1-mingw-w64-x86_64-arm-none-eabi/bin/../lib/gcc/arm-none-eabi/14.2.1/thumb/v7e-m+fp/hard\libc_nano.a(libc_a-dtoa.o)
 .ARM.attributes
                0x00000103       0x34 C:/arm-gnu-toolchain-14.2.rel1-mingw-w64-x86_64-arm-none-eabi/bin/../lib/gcc/arm-none-eabi/14.2.1/thumb/v7e-m+fp/hard\libc_nano.a(libc_a-malloc.o)
 .ARM.attributes
                0x00000137       0x34 C:/arm-gnu-toolchain-14.2.rel1-mingw-w64-x86_64-arm-none-eabi/bin/../lib/gcc/arm-none-eabi/14.2.1/thumb/v7e-m+fp/hard\libc_nano.a(libc_a-mallocr.o)
 .ARM.attributes
                0x0000016b       0x34 C:/arm-gnu-toolchain-14.2.rel1-mingw-w64-x86_64-arm-none-eabi/bin/../lib/gcc/arm-none-eabi/14.2.1/thumb/v7e-m+fp/hard\libc_nano.a(libc_a-mlock.o)
 .ARM.attributes
                0x0000019f       0x34 C:/arm-gnu-toolchain-14.2.rel1-mingw-w64-x86_64-arm-none-eabi/bin/../lib/gcc/arm-none-eabi/14.2.1/thumb/v7e-m+fp/hard\libc_nano.a(libc_a-mprec.o)
 .ARM.attributes
                0x000001d3       0x34 C:/arm-gnu-toolchain-14.2.rel1-mingw-w64-x86_64-arm-none-eabi/bin/../lib/gcc/arm-none-eabi/14.2.1/thumb/v7e-m+fp/hard\libc_nano.a(libc_a-locale.o)
 .ARM.attributes
                0x00000207       0x34 C:/arm-gnu-toolchain-14.2.rel1-mingw-w64-x86_64-arm-none-eabi/bin/../lib/gcc/arm-none-eabi/14.2.1/thumb/v7e-m+fp/hard\libc_nano.a(libc_a-impure.o)
 .ARM.attributes
                0x0000023b       0x34 C:/arm-gnu-toolchain-14.2.rel1-mingw-w64-x86_64-arm-none-eabi/bin/../lib/gcc/arm-none-eabi/14.2.1/thumb/v7e-m+fp/hard\libc_nano.a(libc_a-sbrkr.o)
 .ARM.attributes
                0x0000026f       0x34 C:/arm-gnu-toolchain-14.2.rel1-mingw-w64-x86_64-arm-none-eabi/bin/../lib/gcc/arm-none-eabi/14.2.1/thumb/v7e-m+fp/hard\libc_nano.a(libc_a-lock.o)
 .ARM.attributes
                0x000002a3       0x34 C:/arm-gnu-toolchain-14.2.rel1-mingw-w64-x86_64-arm-none-eabi/bin/../lib/gcc/arm-none-eabi/14.2.1/thumb/v7e-m+fp/hard\libc_nano.a(libc_a-memcpy-stub.o)
 .ARM.attributes
                0x000002d7       0x34 C:/arm-gnu-toolchain-14.2.rel1-mingw-w64-x86_64-arm-none-eabi/bin/../lib/gcc/arm-none-eabi/14.2.1/thumb/v7e-m+fp/hard\libc_nano.a(libc_a-assert.o)
 .ARM.attributes
                0x0000030b       0x34 C:/arm-gnu-toolchain-14.2.rel1-mingw-w64-x86_64-arm-none-eabi/bin/../lib/gcc/arm-none-eabi/14.2.1/thumb/v7e-m+fp/hard\libc_nano.a(libc_a-callocr.o)
 .ARM.attributes
                0x0000033f       0x34 C:/arm-gnu-toolchain-14.2.rel1-mingw-w64-x86_64-arm-none-eabi/bin/../lib/gcc/arm-none-eabi/14.2.1/thumb/v7e-m+fp/hard\libc_nano.a(libc_a-freer.o)
 .ARM.attributes
                0x00000373       0x34 C:/arm-gnu-toolchain-14.2.rel1-mingw-w64-x86_64-arm-none-eabi/bin/../lib/gcc/arm-none-eabi/14.2.1/thumb/v7e-m+fp/hard\libc_nano.a(libc_a-mbtowc_r.o)
 .ARM.attributes
                0x000003a7       0x34 C:/arm-gnu-toolchain-14.2.rel1-mingw-w64-x86_64-arm-none-eabi/bin/../lib/gcc/arm-none-eabi/14.2.1/thumb/v7e-m+fp/hard\libc_nano.a(libc_a-wctomb_r.o)
 .ARM.attributes
                0x000003db       0x34 C:/arm-gnu-toolchain-14.2.rel1-mingw-w64-x86_64-arm-none-eabi/bin/../lib/gcc/arm-none-eabi/14.2.1/thumb/v7e-m+fp/hard\libc_nano.a(libc_a-ctype_.o)
 .ARM.attributes
                0x0000040f       0x34 C:/arm-gnu-toolchain-14.2.rel1-mingw-w64-x86_64-arm-none-eabi/bin/../lib/gcc/arm-none-eabi/14.2.1/thumb/v7e-m+fp/hard\libc_nano.a(libc_a-fprintf.o)
 .ARM.attributes
                0x00000443       0x34 C:/arm-gnu-toolchain-14.2.rel1-mingw-w64-x86_64-arm-none-eabi/bin/../lib/gcc/arm-none-eabi/14.2.1/thumb/v7e-m+fp/hard\libc_nano.a(libc_a-memset.o)
 .ARM.attributes
                0x00000477       0x34 C:/arm-gnu-toolchain-14.2.rel1-mingw-w64-x86_64-arm-none-eabi/bin/../lib/gcc/arm-none-eabi/14.2.1/thumb/v7e-m+fp/hard\libc_nano.a(libc_a-reent.o)
 .ARM.attributes
                0x000004ab       0x34 C:/arm-gnu-toolchain-14.2.rel1-mingw-w64-x86_64-arm-none-eabi/bin/../lib/gcc/arm-none-eabi/14.2.1/thumb/v7e-m+fp/hard\libc_nano.a(libc_a-abort.o)
 .ARM.attributes
                0x000004df       0x34 C:/arm-gnu-toolchain-14.2.rel1-mingw-w64-x86_64-arm-none-eabi/bin/../lib/gcc/arm-none-eabi/14.2.1/thumb/v7e-m+fp/hard\libc_nano.a(libc_a-nano-vfprintf.o)
 .ARM.attributes
                0x00000513       0x34 C:/arm-gnu-toolchain-14.2.rel1-mingw-w64-x86_64-arm-none-eabi/bin/../lib/gcc/arm-none-eabi/14.2.1/thumb/v7e-m+fp/hard\libc_nano.a(libc_a-findfp.o)
 .ARM.attributes
                0x00000547       0x34 C:/arm-gnu-toolchain-14.2.rel1-mingw-w64-x86_64-arm-none-eabi/bin/../lib/gcc/arm-none-eabi/14.2.1/thumb/v7e-m+fp/hard\libc_nano.a(libc_a-fwalk.o)
 .ARM.attributes
                0x0000057b       0x34 C:/arm-gnu-toolchain-14.2.rel1-mingw-w64-x86_64-arm-none-eabi/bin/../lib/gcc/arm-none-eabi/14.2.1/thumb/v7e-m+fp/hard\libc_nano.a(libc_a-stdio.o)
 .ARM.attributes
                0x000005af       0x34 C:/arm-gnu-toolchain-14.2.rel1-mingw-w64-x86_64-arm-none-eabi/bin/../lib/gcc/arm-none-eabi/14.2.1/thumb/v7e-m+fp/hard\libc_nano.a(libc_a-wbuf.o)
 .ARM.attributes
                0x000005e3       0x34 C:/arm-gnu-toolchain-14.2.rel1-mingw-w64-x86_64-arm-none-eabi/bin/../lib/gcc/arm-none-eabi/14.2.1/thumb/v7e-m+fp/hard\libc_nano.a(libc_a-wsetup.o)
 .ARM.attributes
                0x00000617       0x34 C:/arm-gnu-toolchain-14.2.rel1-mingw-w64-x86_64-arm-none-eabi/bin/../lib/gcc/arm-none-eabi/14.2.1/thumb/v7e-m+fp/hard\libc_nano.a(libc_a-signal.o)
 .ARM.attributes
                0x0000064b       0x34 C:/arm-gnu-toolchain-14.2.rel1-mingw-w64-x86_64-arm-none-eabi/bin/../lib/gcc/arm-none-eabi/14.2.1/thumb/v7e-m+fp/hard\libc_nano.a(libc_a-closer.o)
 .ARM.attributes
                0x0000067f       0x34 C:/arm-gnu-toolchain-14.2.rel1-mingw-w64-x86_64-arm-none-eabi/bin/../lib/gcc/arm-none-eabi/14.2.1/thumb/v7e-m+fp/hard\libc_nano.a(libc_a-lseekr.o)
 .ARM.attributes
                0x000006b3       0x34 C:/arm-gnu-toolchain-14.2.rel1-mingw-w64-x86_64-arm-none-eabi/bin/../lib/gcc/arm-none-eabi/14.2.1/thumb/v7e-m+fp/hard\libc_nano.a(libc_a-readr.o)
 .ARM.attributes
                0x000006e7       0x34 C:/arm-gnu-toolchain-14.2.rel1-mingw-w64-x86_64-arm-none-eabi/bin/../lib/gcc/arm-none-eabi/14.2.1/thumb/v7e-m+fp/hard\libc_nano.a(libc_a-signalr.o)
 .ARM.attributes
                0x0000071b       0x34 C:/arm-gnu-toolchain-14.2.rel1-mingw-w64-x86_64-arm-none-eabi/bin/../lib/gcc/arm-none-eabi/14.2.1/thumb/v7e-m+fp/hard\libc_nano.a(libc_a-writer.o)
 .ARM.attributes
                0x0000074f       0x34 C:/arm-gnu-toolchain-14.2.rel1-mingw-w64-x86_64-arm-none-eabi/bin/../lib/gcc/arm-none-eabi/14.2.1/thumb/v7e-m+fp/hard\libc_nano.a(libc_a-fflush.o)
 .ARM.attributes
                0x00000783       0x34 C:/arm-gnu-toolchain-14.2.rel1-mingw-w64-x86_64-arm-none-eabi/bin/../lib/gcc/arm-none-eabi/14.2.1/thumb/v7e-m+fp/hard\libc_nano.a(libc_a-makebuf.o)
 .ARM.attributes
                0x000007b7       0x34 C:/arm-gnu-toolchain-14.2.rel1-mingw-w64-x86_64-arm-none-eabi/bin/../lib/gcc/arm-none-eabi/14.2.1/thumb/v7e-m+fp/hard\libc_nano.a(libc_a-fstatr.o)
 .ARM.attributes
                0x000007eb       0x34 C:/arm-gnu-toolchain-14.2.rel1-mingw-w64-x86_64-arm-none-eabi/bin/../lib/gcc/arm-none-eabi/14.2.1/thumb/v7e-m+fp/hard\libc_nano.a(libc_a-isattyr.o)
 .ARM.attributes
                0x0000081f       0x34 CMakeFiles/STM32_G474.elf.dir/Core/system_stm32g4xx.c.obj
 .ARM.attributes
                0x00000853       0x34 CMakeFiles/STM32_G474.elf.dir/Core/stm32g4xx_ll_utils.c.obj
 .ARM.attributes
                0x00000887       0x34 CMakeFiles/STM32_G474.elf.dir/Core/stm32g4xx_ll_rcc.c.obj
 .ARM.attributes
                0x000008bb       0x34 CMakeFiles/STM32_G474.elf.dir/src/main.c.obj
 .ARM.attributes
                0x000008ef       0x34 CMakeFiles/STM32_G474.elf.dir/src/stm32g4xx_startup.c.obj
 .ARM.attributes
                0x00000923       0x34 CMakeFiles/STM32_G474.elf.dir/src/Initialize.c.obj
 .ARM.attributes
                0x00000957       0x34 CMakeFiles/STM32_G474.elf.dir/src/syscalls.c.obj
 .ARM.attributes
                0x0000098b       0x34 CMakeFiles/STM32_G474.elf.dir/src/system.c.obj
OUTPUT(STM32_G474.elf elf32-littlearm)
LOAD linker stubs
LOAD C:/arm-gnu-toolchain-14.2.rel1-mingw-w64-x86_64-arm-none-eabi/bin/../lib/gcc/arm-none-eabi/14.2.1/thumb/v7e-m+fp/hard\libc.a
LOAD C:/arm-gnu-toolchain-14.2.rel1-mingw-w64-x86_64-arm-none-eabi/bin/../lib/gcc/arm-none-eabi/14.2.1/thumb/v7e-m+fp/hard\libm.a
LOAD C:/arm-gnu-toolchain-14.2.rel1-mingw-w64-x86_64-arm-none-eabi/bin/../lib/gcc/arm-none-eabi/14.2.1/thumb/v7e-m+fp/hard\libgcc.a

.debug_frame    0x00000000     0x22a4
 .debug_frame   0x00000000       0x90 C:/arm-gnu-toolchain-14.2.rel1-mingw-w64-x86_64-arm-none-eabi/bin/../lib/gcc/arm-none-eabi/14.2.1/thumb/v7e-m+fp/hard\libc_nano.a(libc_a-nano-vfprintf_float.o)
 .debug_frame   0x00000090       0x60 C:/arm-gnu-toolchain-14.2.rel1-mingw-w64-x86_64-arm-none-eabi/bin/../lib/gcc/arm-none-eabi/14.2.1/thumb/v7e-m+fp/hard\libc_nano.a(libc_a-nano-vfprintf_i.o)
 .debug_frame   0x000000f0       0x40 C:/arm-gnu-toolchain-14.2.rel1-mingw-w64-x86_64-arm-none-eabi/bin/../lib/gcc/arm-none-eabi/14.2.1/thumb/v7e-m+fp/hard\libc_nano.a(libc_a-localeconv.o)
 .debug_frame   0x00000130       0x4c C:/arm-gnu-toolchain-14.2.rel1-mingw-w64-x86_64-arm-none-eabi/bin/../lib/gcc/arm-none-eabi/14.2.1/thumb/v7e-m+fp/hard\libc_nano.a(libc_a-memchr.o)
 .debug_frame   0x0000017c       0x20 C:/arm-gnu-toolchain-14.2.rel1-mingw-w64-x86_64-arm-none-eabi/bin/../lib/gcc/arm-none-eabi/14.2.1/thumb/v7e-m+fp/hard\libc_nano.a(libc_a-strlen.o)
 .debug_frame   0x0000019c       0x6c C:/arm-gnu-toolchain-14.2.rel1-mingw-w64-x86_64-arm-none-eabi/bin/../lib/gcc/arm-none-eabi/14.2.1/thumb/v7e-m+fp/hard\libc_nano.a(libc_a-dtoa.o)
 .debug_frame   0x00000208       0x30 C:/arm-gnu-toolchain-14.2.rel1-mingw-w64-x86_64-arm-none-eabi/bin/../lib/gcc/arm-none-eabi/14.2.1/thumb/v7e-m+fp/hard\libc_nano.a(libc_a-malloc.o)
 .debug_frame   0x00000238       0x50 C:/arm-gnu-toolchain-14.2.rel1-mingw-w64-x86_64-arm-none-eabi/bin/../lib/gcc/arm-none-eabi/14.2.1/thumb/v7e-m+fp/hard\libc_nano.a(libc_a-mallocr.o)
 .debug_frame   0x00000288       0x30 C:/arm-gnu-toolchain-14.2.rel1-mingw-w64-x86_64-arm-none-eabi/bin/../lib/gcc/arm-none-eabi/14.2.1/thumb/v7e-m+fp/hard\libc_nano.a(libc_a-mlock.o)
 .debug_frame   0x000002b8      0x264 C:/arm-gnu-toolchain-14.2.rel1-mingw-w64-x86_64-arm-none-eabi/bin/../lib/gcc/arm-none-eabi/14.2.1/thumb/v7e-m+fp/hard\libc_nano.a(libc_a-mprec.o)
 .debug_frame   0x0000051c       0x48 C:/arm-gnu-toolchain-14.2.rel1-mingw-w64-x86_64-arm-none-eabi/bin/../lib/gcc/arm-none-eabi/14.2.1/thumb/v7e-m+fp/hard\libc_nano.a(libc_a-locale.o)
 .debug_frame   0x00000564       0x2c C:/arm-gnu-toolchain-14.2.rel1-mingw-w64-x86_64-arm-none-eabi/bin/../lib/gcc/arm-none-eabi/14.2.1/thumb/v7e-m+fp/hard\libc_nano.a(libc_a-sbrkr.o)
 .debug_frame   0x00000590       0xb0 C:/arm-gnu-toolchain-14.2.rel1-mingw-w64-x86_64-arm-none-eabi/bin/../lib/gcc/arm-none-eabi/14.2.1/thumb/v7e-m+fp/hard\libc_nano.a(libc_a-lock.o)
 .debug_frame   0x00000640       0x28 C:/arm-gnu-toolchain-14.2.rel1-mingw-w64-x86_64-arm-none-eabi/bin/../lib/gcc/arm-none-eabi/14.2.1/thumb/v7e-m+fp/hard\libc_nano.a(libc_a-memcpy-stub.o)
 .debug_frame   0x00000668       0x40 C:/arm-gnu-toolchain-14.2.rel1-mingw-w64-x86_64-arm-none-eabi/bin/../lib/gcc/arm-none-eabi/14.2.1/thumb/v7e-m+fp/hard\libc_nano.a(libc_a-assert.o)
 .debug_frame   0x000006a8       0x2c C:/arm-gnu-toolchain-14.2.rel1-mingw-w64-x86_64-arm-none-eabi/bin/../lib/gcc/arm-none-eabi/14.2.1/thumb/v7e-m+fp/hard\libc_nano.a(libc_a-callocr.o)
 .debug_frame   0x000006d4       0x38 C:/arm-gnu-toolchain-14.2.rel1-mingw-w64-x86_64-arm-none-eabi/bin/../lib/gcc/arm-none-eabi/14.2.1/thumb/v7e-m+fp/hard\libc_nano.a(libc_a-freer.o)
 .debug_frame   0x0000070c       0x48 C:/arm-gnu-toolchain-14.2.rel1-mingw-w64-x86_64-arm-none-eabi/bin/../lib/gcc/arm-none-eabi/14.2.1/thumb/v7e-m+fp/hard\libc_nano.a(libc_a-mbtowc_r.o)
 .debug_frame   0x00000754       0x3c C:/arm-gnu-toolchain-14.2.rel1-mingw-w64-x86_64-arm-none-eabi/bin/../lib/gcc/arm-none-eabi/14.2.1/thumb/v7e-m+fp/hard\libc_nano.a(libc_a-wctomb_r.o)
 .debug_frame   0x00000790       0x64 C:/arm-gnu-toolchain-14.2.rel1-mingw-w64-x86_64-arm-none-eabi/bin/../lib/gcc/arm-none-eabi/14.2.1/thumb/v7e-m+fp/hard\libc_nano.a(libc_a-fprintf.o)
 .debug_frame   0x000007f4       0x20 C:/arm-gnu-toolchain-14.2.rel1-mingw-w64-x86_64-arm-none-eabi/bin/../lib/gcc/arm-none-eabi/14.2.1/thumb/v7e-m+fp/hard\libc_nano.a(libc_a-memset.o)
 .debug_frame   0x00000814       0x38 C:/arm-gnu-toolchain-14.2.rel1-mingw-w64-x86_64-arm-none-eabi/bin/../lib/gcc/arm-none-eabi/14.2.1/thumb/v7e-m+fp/hard\libc_nano.a(libc_a-reent.o)
 .debug_frame   0x0000084c       0x28 C:/arm-gnu-toolchain-14.2.rel1-mingw-w64-x86_64-arm-none-eabi/bin/../lib/gcc/arm-none-eabi/14.2.1/thumb/v7e-m+fp/hard\libc_nano.a(libc_a-abort.o)
 .debug_frame   0x00000874       0xa8 C:/arm-gnu-toolchain-14.2.rel1-mingw-w64-x86_64-arm-none-eabi/bin/../lib/gcc/arm-none-eabi/14.2.1/thumb/v7e-m+fp/hard\libc_nano.a(libc_a-nano-vfprintf.o)
 .debug_frame   0x0000091c      0x144 C:/arm-gnu-toolchain-14.2.rel1-mingw-w64-x86_64-arm-none-eabi/bin/../lib/gcc/arm-none-eabi/14.2.1/thumb/v7e-m+fp/hard\libc_nano.a(libc_a-findfp.o)
 .debug_frame   0x00000a60       0x34 C:/arm-gnu-toolchain-14.2.rel1-mingw-w64-x86_64-arm-none-eabi/bin/../lib/gcc/arm-none-eabi/14.2.1/thumb/v7e-m+fp/hard\libc_nano.a(libc_a-fwalk.o)
 .debug_frame   0x00000a94       0x88 C:/arm-gnu-toolchain-14.2.rel1-mingw-w64-x86_64-arm-none-eabi/bin/../lib/gcc/arm-none-eabi/14.2.1/thumb/v7e-m+fp/hard\libc_nano.a(libc_a-stdio.o)
 .debug_frame   0x00000b1c       0x40 C:/arm-gnu-toolchain-14.2.rel1-mingw-w64-x86_64-arm-none-eabi/bin/../lib/gcc/arm-none-eabi/14.2.1/thumb/v7e-m+fp/hard\libc_nano.a(libc_a-wbuf.o)
 .debug_frame   0x00000b5c       0x2c C:/arm-gnu-toolchain-14.2.rel1-mingw-w64-x86_64-arm-none-eabi/bin/../lib/gcc/arm-none-eabi/14.2.1/thumb/v7e-m+fp/hard\libc_nano.a(libc_a-wsetup.o)
 .debug_frame   0x00000b88       0xcc C:/arm-gnu-toolchain-14.2.rel1-mingw-w64-x86_64-arm-none-eabi/bin/../lib/gcc/arm-none-eabi/14.2.1/thumb/v7e-m+fp/hard\libc_nano.a(libc_a-signal.o)
 .debug_frame   0x00000c54       0x2c C:/arm-gnu-toolchain-14.2.rel1-mingw-w64-x86_64-arm-none-eabi/bin/../lib/gcc/arm-none-eabi/14.2.1/thumb/v7e-m+fp/hard\libc_nano.a(libc_a-closer.o)
 .debug_frame   0x00000c80       0x2c C:/arm-gnu-toolchain-14.2.rel1-mingw-w64-x86_64-arm-none-eabi/bin/../lib/gcc/arm-none-eabi/14.2.1/thumb/v7e-m+fp/hard\libc_nano.a(libc_a-lseekr.o)
 .debug_frame   0x00000cac       0x2c C:/arm-gnu-toolchain-14.2.rel1-mingw-w64-x86_64-arm-none-eabi/bin/../lib/gcc/arm-none-eabi/14.2.1/thumb/v7e-m+fp/hard\libc_nano.a(libc_a-readr.o)
 .debug_frame   0x00000cd8       0x3c C:/arm-gnu-toolchain-14.2.rel1-mingw-w64-x86_64-arm-none-eabi/bin/../lib/gcc/arm-none-eabi/14.2.1/thumb/v7e-m+fp/hard\libc_nano.a(libc_a-signalr.o)
 .debug_frame   0x00000d14       0x2c C:/arm-gnu-toolchain-14.2.rel1-mingw-w64-x86_64-arm-none-eabi/bin/../lib/gcc/arm-none-eabi/14.2.1/thumb/v7e-m+fp/hard\libc_nano.a(libc_a-writer.o)
 .debug_frame   0x00000d40       0x5c C:/arm-gnu-toolchain-14.2.rel1-mingw-w64-x86_64-arm-none-eabi/bin/../lib/gcc/arm-none-eabi/14.2.1/thumb/v7e-m+fp/hard\libc_nano.a(libc_a-fflush.o)
 .debug_frame   0x00000d9c       0x58 C:/arm-gnu-toolchain-14.2.rel1-mingw-w64-x86_64-arm-none-eabi/bin/../lib/gcc/arm-none-eabi/14.2.1/thumb/v7e-m+fp/hard\libc_nano.a(libc_a-makebuf.o)
 .debug_frame   0x00000df4       0x2c C:/arm-gnu-toolchain-14.2.rel1-mingw-w64-x86_64-arm-none-eabi/bin/../lib/gcc/arm-none-eabi/14.2.1/thumb/v7e-m+fp/hard\libc_nano.a(libc_a-fstatr.o)
 .debug_frame   0x00000e20       0x2c C:/arm-gnu-toolchain-14.2.rel1-mingw-w64-x86_64-arm-none-eabi/bin/../lib/gcc/arm-none-eabi/14.2.1/thumb/v7e-m+fp/hard\libc_nano.a(libc_a-isattyr.o)
 .debug_frame   0x00000e4c       0x58 CMakeFiles/STM32_G474.elf.dir/Core/system_stm32g4xx.c.obj
 .debug_frame   0x00000ea4      0x3f8 CMakeFiles/STM32_G474.elf.dir/Core/stm32g4xx_ll_utils.c.obj
 .debug_frame   0x0000129c      0x798 CMakeFiles/STM32_G474.elf.dir/Core/stm32g4xx_ll_rcc.c.obj
 .debug_frame   0x00001a34       0x48 CMakeFiles/STM32_G474.elf.dir/src/main.c.obj
 .debug_frame   0x00001a7c       0x4c CMakeFiles/STM32_G474.elf.dir/src/stm32g4xx_startup.c.obj
 .debug_frame   0x00001ac8       0x54 CMakeFiles/STM32_G474.elf.dir/src/Initialize.c.obj
 .debug_frame   0x00001b1c      0x2f8 CMakeFiles/STM32_G474.elf.dir/src/syscalls.c.obj
 .debug_frame   0x00001e14      0x490 CMakeFiles/STM32_G474.elf.dir/src/system.c.obj

.debug_line_str
                0x00000000       0xf8
 .debug_line_str
                0x00000000       0xf8 C:/arm-gnu-toolchain-14.2.rel1-mingw-w64-x86_64-arm-none-eabi/bin/../lib/gcc/arm-none-eabi/14.2.1/thumb/v7e-m+fp/hard\libc_nano.a(libc_a-memchr.o)
                                 0xe5 (size before relaxing)
 .debug_line_str
                0x000000f8       0xef C:/arm-gnu-toolchain-14.2.rel1-mingw-w64-x86_64-arm-none-eabi/bin/../lib/gcc/arm-none-eabi/14.2.1/thumb/v7e-m+fp/hard\libc_nano.a(libc_a-strlen.o)

.debug_info     0x00000000     0x3fcd
 .debug_info    0x00000000      0x587 CMakeFiles/STM32_G474.elf.dir/Core/system_stm32g4xx.c.obj
 .debug_info    0x00000587      0xbbf CMakeFiles/STM32_G474.elf.dir/Core/stm32g4xx_ll_utils.c.obj
 .debug_info    0x00001146      0xb67 CMakeFiles/STM32_G474.elf.dir/Core/stm32g4xx_ll_rcc.c.obj
 .debug_info    0x00001cad      0x26e CMakeFiles/STM32_G474.elf.dir/src/main.c.obj
 .debug_info    0x00001f1b      0x198 CMakeFiles/STM32_G474.elf.dir/src/stm32g4xx_startup.c.obj
 .debug_info    0x000020b3      0x368 CMakeFiles/STM32_G474.elf.dir/src/Initialize.c.obj
 .debug_info    0x0000241b      0x98a CMakeFiles/STM32_G474.elf.dir/src/syscalls.c.obj
 .debug_info    0x00002da5     0x1228 CMakeFiles/STM32_G474.elf.dir/src/system.c.obj

.debug_abbrev   0x00000000      0xe3f
 .debug_abbrev  0x00000000      0x11a CMakeFiles/STM32_G474.elf.dir/Core/system_stm32g4xx.c.obj
 .debug_abbrev  0x0000011a      0x25f CMakeFiles/STM32_G474.elf.dir/Core/stm32g4xx_ll_utils.c.obj
 .debug_abbrev  0x00000379      0x234 CMakeFiles/STM32_G474.elf.dir/Core/stm32g4xx_ll_rcc.c.obj
 .debug_abbrev  0x000005ad      0x19a CMakeFiles/STM32_G474.elf.dir/src/main.c.obj
 .debug_abbrev  0x00000747      0x116 CMakeFiles/STM32_G474.elf.dir/src/stm32g4xx_startup.c.obj
 .debug_abbrev  0x0000085d       0xec CMakeFiles/STM32_G474.elf.dir/src/Initialize.c.obj
 .debug_abbrev  0x00000949      0x260 CMakeFiles/STM32_G474.elf.dir/src/syscalls.c.obj
 .debug_abbrev  0x00000ba9      0x296 CMakeFiles/STM32_G474.elf.dir/src/system.c.obj

.debug_aranges  0x00000000      0x538
 .debug_aranges
                0x00000000       0x28 CMakeFiles/STM32_G474.elf.dir/Core/system_stm32g4xx.c.obj
 .debug_aranges
                0x00000028       0xf8 CMakeFiles/STM32_G474.elf.dir/Core/stm32g4xx_ll_utils.c.obj
 .debug_aranges
                0x00000120      0x1c8 CMakeFiles/STM32_G474.elf.dir/Core/stm32g4xx_ll_rcc.c.obj
 .debug_aranges
                0x000002e8       0x28 CMakeFiles/STM32_G474.elf.dir/src/main.c.obj
 .debug_aranges
                0x00000310       0x28 CMakeFiles/STM32_G474.elf.dir/src/stm32g4xx_startup.c.obj
 .debug_aranges
                0x00000338       0x28 CMakeFiles/STM32_G474.elf.dir/src/Initialize.c.obj
 .debug_aranges
                0x00000360       0xb8 CMakeFiles/STM32_G474.elf.dir/src/syscalls.c.obj
 .debug_aranges
                0x00000418      0x120 CMakeFiles/STM32_G474.elf.dir/src/system.c.obj

.debug_rnglists
                0x00000000      0x3d2
 .debug_rnglists
                0x00000000       0x1a CMakeFiles/STM32_G474.elf.dir/Core/system_stm32g4xx.c.obj
 .debug_rnglists
                0x0000001a       0xb9 CMakeFiles/STM32_G474.elf.dir/Core/stm32g4xx_ll_utils.c.obj
 .debug_rnglists
                0x000000d3      0x15a CMakeFiles/STM32_G474.elf.dir/Core/stm32g4xx_ll_rcc.c.obj
 .debug_rnglists
                0x0000022d       0x19 CMakeFiles/STM32_G474.elf.dir/src/main.c.obj
 .debug_rnglists
                0x00000246       0x1a CMakeFiles/STM32_G474.elf.dir/src/stm32g4xx_startup.c.obj
 .debug_rnglists
                0x00000260       0x19 CMakeFiles/STM32_G474.elf.dir/src/Initialize.c.obj
 .debug_rnglists
                0x00000279       0x85 CMakeFiles/STM32_G474.elf.dir/src/syscalls.c.obj
 .debug_rnglists
                0x000002fe       0xd4 CMakeFiles/STM32_G474.elf.dir/src/system.c.obj

.debug_macro    0x00000000    0x1e16f
 .debug_macro   0x00000000       0xd9 CMakeFiles/STM32_G474.elf.dir/Core/system_stm32g4xx.c.obj
 .debug_macro   0x000000d9      0xade CMakeFiles/STM32_G474.elf.dir/Core/system_stm32g4xx.c.obj
 .debug_macro   0x00000bb7       0x2e CMakeFiles/STM32_G474.elf.dir/Core/system_stm32g4xx.c.obj
 .debug_macro   0x00000be5       0x28 CMakeFiles/STM32_G474.elf.dir/Core/system_stm32g4xx.c.obj
 .debug_macro   0x00000c0d       0x22 CMakeFiles/STM32_G474.elf.dir/Core/system_stm32g4xx.c.obj
 .debug_macro   0x00000c2f       0x56 CMakeFiles/STM32_G474.elf.dir/Core/system_stm32g4xx.c.obj
 .debug_macro   0x00000c85       0x51 CMakeFiles/STM32_G474.elf.dir/Core/system_stm32g4xx.c.obj
 .debug_macro   0x00000cd6      0x103 CMakeFiles/STM32_G474.elf.dir/Core/system_stm32g4xx.c.obj
 .debug_macro   0x00000dd9       0x6a CMakeFiles/STM32_G474.elf.dir/Core/system_stm32g4xx.c.obj
 .debug_macro   0x00000e43      0x1df CMakeFiles/STM32_G474.elf.dir/Core/system_stm32g4xx.c.obj
 .debug_macro   0x00001022       0x1c CMakeFiles/STM32_G474.elf.dir/Core/system_stm32g4xx.c.obj
 .debug_macro   0x0000103e       0x22 CMakeFiles/STM32_G474.elf.dir/Core/system_stm32g4xx.c.obj
 .debug_macro   0x00001060       0xfb CMakeFiles/STM32_G474.elf.dir/Core/system_stm32g4xx.c.obj
 .debug_macro   0x0000115b     0x102d CMakeFiles/STM32_G474.elf.dir/Core/system_stm32g4xx.c.obj
 .debug_macro   0x00002188      0x11f CMakeFiles/STM32_G474.elf.dir/Core/system_stm32g4xx.c.obj
 .debug_macro   0x000022a7    0x18b93 CMakeFiles/STM32_G474.elf.dir/Core/system_stm32g4xx.c.obj
 .debug_macro   0x0001ae3a       0x6d CMakeFiles/STM32_G474.elf.dir/Core/system_stm32g4xx.c.obj
 .debug_macro   0x0001aea7      0x1ba CMakeFiles/STM32_G474.elf.dir/Core/stm32g4xx_ll_utils.c.obj
 .debug_macro   0x0001b061       0x7e CMakeFiles/STM32_G474.elf.dir/Core/stm32g4xx_ll_utils.c.obj
 .debug_macro   0x0001b0df      0x678 CMakeFiles/STM32_G474.elf.dir/Core/stm32g4xx_ll_utils.c.obj
 .debug_macro   0x0001b757      0x34f CMakeFiles/STM32_G474.elf.dir/Core/stm32g4xx_ll_utils.c.obj
 .debug_macro   0x0001baa6      0x231 CMakeFiles/STM32_G474.elf.dir/Core/stm32g4xx_ll_utils.c.obj
 .debug_macro   0x0001bcd7      0x12a CMakeFiles/STM32_G474.elf.dir/Core/stm32g4xx_ll_rcc.c.obj
 .debug_macro   0x0001be01      0x672 CMakeFiles/STM32_G474.elf.dir/Core/stm32g4xx_ll_rcc.c.obj
 .debug_macro   0x0001c473      0x1cd CMakeFiles/STM32_G474.elf.dir/src/main.c.obj
 .debug_macro   0x0001c640       0x5b CMakeFiles/STM32_G474.elf.dir/src/main.c.obj
 .debug_macro   0x0001c69b       0x2a CMakeFiles/STM32_G474.elf.dir/src/main.c.obj
 .debug_macro   0x0001c6c5       0x5c CMakeFiles/STM32_G474.elf.dir/src/main.c.obj
 .debug_macro   0x0001c721       0x43 CMakeFiles/STM32_G474.elf.dir/src/main.c.obj
 .debug_macro   0x0001c764       0x34 CMakeFiles/STM32_G474.elf.dir/src/main.c.obj
 .debug_macro   0x0001c798       0x16 CMakeFiles/STM32_G474.elf.dir/src/main.c.obj
 .debug_macro   0x0001c7ae       0x57 CMakeFiles/STM32_G474.elf.dir/src/main.c.obj
 .debug_macro   0x0001c805       0x9e CMakeFiles/STM32_G474.elf.dir/src/main.c.obj
 .debug_macro   0x0001c8a3      0x364 CMakeFiles/STM32_G474.elf.dir/src/main.c.obj
 .debug_macro   0x0001cc07      0x112 CMakeFiles/STM32_G474.elf.dir/src/main.c.obj
 .debug_macro   0x0001cd19       0x10 CMakeFiles/STM32_G474.elf.dir/src/main.c.obj
 .debug_macro   0x0001cd29       0x16 CMakeFiles/STM32_G474.elf.dir/src/main.c.obj
 .debug_macro   0x0001cd3f       0x4a CMakeFiles/STM32_G474.elf.dir/src/main.c.obj
 .debug_macro   0x0001cd89       0x34 CMakeFiles/STM32_G474.elf.dir/src/main.c.obj
 .debug_macro   0x0001cdbd       0x10 CMakeFiles/STM32_G474.elf.dir/src/main.c.obj
 .debug_macro   0x0001cdcd       0x58 CMakeFiles/STM32_G474.elf.dir/src/main.c.obj
 .debug_macro   0x0001ce25       0x8e CMakeFiles/STM32_G474.elf.dir/src/main.c.obj
 .debug_macro   0x0001ceb3       0x1c CMakeFiles/STM32_G474.elf.dir/src/main.c.obj
 .debug_macro   0x0001cecf      0x185 CMakeFiles/STM32_G474.elf.dir/src/main.c.obj
 .debug_macro   0x0001d054       0x16 CMakeFiles/STM32_G474.elf.dir/src/main.c.obj
 .debug_macro   0x0001d06a       0x16 CMakeFiles/STM32_G474.elf.dir/src/main.c.obj
 .debug_macro   0x0001d080      0x115 CMakeFiles/STM32_G474.elf.dir/src/main.c.obj
 .debug_macro   0x0001d195       0x64 CMakeFiles/STM32_G474.elf.dir/src/main.c.obj
 .debug_macro   0x0001d1f9       0x2e CMakeFiles/STM32_G474.elf.dir/src/main.c.obj
 .debug_macro   0x0001d227       0x7b CMakeFiles/STM32_G474.elf.dir/src/stm32g4xx_startup.c.obj
 .debug_macro   0x0001d2a2       0xe6 CMakeFiles/STM32_G474.elf.dir/src/Initialize.c.obj
 .debug_macro   0x0001d388      0x1ca CMakeFiles/STM32_G474.elf.dir/src/Initialize.c.obj
 .debug_macro   0x0001d552      0x28a CMakeFiles/STM32_G474.elf.dir/src/syscalls.c.obj
 .debug_macro   0x0001d7dc      0x190 CMakeFiles/STM32_G474.elf.dir/src/syscalls.c.obj
 .debug_macro   0x0001d96c       0x10 CMakeFiles/STM32_G474.elf.dir/src/syscalls.c.obj
 .debug_macro   0x0001d97c       0x3c CMakeFiles/STM32_G474.elf.dir/src/syscalls.c.obj
 .debug_macro   0x0001d9b8       0x10 CMakeFiles/STM32_G474.elf.dir/src/syscalls.c.obj
 .debug_macro   0x0001d9c8       0x10 CMakeFiles/STM32_G474.elf.dir/src/syscalls.c.obj
 .debug_macro   0x0001d9d8       0x10 CMakeFiles/STM32_G474.elf.dir/src/syscalls.c.obj
 .debug_macro   0x0001d9e8       0xac CMakeFiles/STM32_G474.elf.dir/src/syscalls.c.obj
 .debug_macro   0x0001da94       0x2e CMakeFiles/STM32_G474.elf.dir/src/syscalls.c.obj
 .debug_macro   0x0001dac2      0x102 CMakeFiles/STM32_G474.elf.dir/src/syscalls.c.obj
 .debug_macro   0x0001dbc4       0x16 CMakeFiles/STM32_G474.elf.dir/src/syscalls.c.obj
 .debug_macro   0x0001dbda       0x22 CMakeFiles/STM32_G474.elf.dir/src/syscalls.c.obj
 .debug_macro   0x0001dbfc       0x10 CMakeFiles/STM32_G474.elf.dir/src/syscalls.c.obj
 .debug_macro   0x0001dc0c      0x242 CMakeFiles/STM32_G474.elf.dir/src/syscalls.c.obj
 .debug_macro   0x0001de4e       0x1c CMakeFiles/STM32_G474.elf.dir/src/syscalls.c.obj
 .debug_macro   0x0001de6a      0x105 CMakeFiles/STM32_G474.elf.dir/src/syscalls.c.obj
 .debug_macro   0x0001df6f       0x16 CMakeFiles/STM32_G474.elf.dir/src/syscalls.c.obj
 .debug_macro   0x0001df85       0x10 CMakeFiles/STM32_G474.elf.dir/src/syscalls.c.obj
 .debug_macro   0x0001df95       0x43 CMakeFiles/STM32_G474.elf.dir/src/syscalls.c.obj
 .debug_macro   0x0001dfd8      0x113 CMakeFiles/STM32_G474.elf.dir/src/system.c.obj
 .debug_macro   0x0001e0eb       0x84 CMakeFiles/STM32_G474.elf.dir/src/system.c.obj

.debug_line     0x00000000     0x3469
 .debug_line    0x00000000      0x33d CMakeFiles/STM32_G474.elf.dir/Core/system_stm32g4xx.c.obj
 .debug_line    0x0000033d      0x7fa CMakeFiles/STM32_G474.elf.dir/Core/stm32g4xx_ll_utils.c.obj
 .debug_line    0x00000b37      0xf7a CMakeFiles/STM32_G474.elf.dir/Core/stm32g4xx_ll_rcc.c.obj
 .debug_line    0x00001ab1      0x475 CMakeFiles/STM32_G474.elf.dir/src/main.c.obj
 .debug_line    0x00001f26      0x2a2 CMakeFiles/STM32_G474.elf.dir/src/stm32g4xx_startup.c.obj
 .debug_line    0x000021c8      0x350 CMakeFiles/STM32_G474.elf.dir/src/Initialize.c.obj
 .debug_line    0x00002518      0x745 CMakeFiles/STM32_G474.elf.dir/src/syscalls.c.obj
 .debug_line    0x00002c5d      0x80c CMakeFiles/STM32_G474.elf.dir/src/system.c.obj

.debug_str      0x00000000    0xac203
 .debug_str     0x00000000    0xac203 CMakeFiles/STM32_G474.elf.dir/Core/system_stm32g4xx.c.obj
                              0x9e2ee (size before relaxing)
 .debug_str     0x000ac203    0xa5453 CMakeFiles/STM32_G474.elf.dir/Core/stm32g4xx_ll_utils.c.obj
 .debug_str     0x000ac203    0xa2797 CMakeFiles/STM32_G474.elf.dir/Core/stm32g4xx_ll_rcc.c.obj
 .debug_str     0x000ac203    0xa56ed CMakeFiles/STM32_G474.elf.dir/src/main.c.obj
 .debug_str     0x000ac203     0x3e0f CMakeFiles/STM32_G474.elf.dir/src/stm32g4xx_startup.c.obj
 .debug_str     0x000ac203    0x9ee9a CMakeFiles/STM32_G474.elf.dir/src/Initialize.c.obj
 .debug_str     0x000ac203    0xa2488 CMakeFiles/STM32_G474.elf.dir/src/syscalls.c.obj
 .debug_str     0x000ac203    0xa5c8e CMakeFiles/STM32_G474.elf.dir/src/system.c.obj

.comment        0x00000000       0x45
 .comment       0x00000000       0x45 CMakeFiles/STM32_G474.elf.dir/Core/system_stm32g4xx.c.obj
                                 0x46 (size before relaxing)
 .comment       0x00000045       0x46 CMakeFiles/STM32_G474.elf.dir/Core/stm32g4xx_ll_utils.c.obj
 .comment       0x00000045       0x46 CMakeFiles/STM32_G474.elf.dir/Core/stm32g4xx_ll_rcc.c.obj
 .comment       0x00000045       0x46 CMakeFiles/STM32_G474.elf.dir/src/main.c.obj
 .comment       0x00000045       0x46 CMakeFiles/STM32_G474.elf.dir/src/stm32g4xx_startup.c.obj
 .comment       0x00000045       0x46 CMakeFiles/STM32_G474.elf.dir/src/Initialize.c.obj
 .comment       0x00000045       0x46 CMakeFiles/STM32_G474.elf.dir/src/syscalls.c.obj
 .comment       0x00000045       0x46 CMakeFiles/STM32_G474.elf.dir/src/system.c.obj

Cross Reference Table

Symbol                                            File
ADC1_2_IRQHandler                                 CMakeFiles/STM32_G474.elf.dir/src/stm32g4xx_startup.c.obj
ADC3_IRQHandler                                   CMakeFiles/STM32_G474.elf.dir/src/stm32g4xx_startup.c.obj
ADC4_IRQHandler                                   CMakeFiles/STM32_G474.elf.dir/src/stm32g4xx_startup.c.obj
ADC5_IRQHandler                                   CMakeFiles/STM32_G474.elf.dir/src/stm32g4xx_startup.c.obj
AHBPrescTable                                     CMakeFiles/STM32_G474.elf.dir/Core/system_stm32g4xx.c.obj
                                                  CMakeFiles/STM32_G474.elf.dir/Core/stm32g4xx_ll_rcc.c.obj
                                                  CMakeFiles/STM32_G474.elf.dir/Core/stm32g4xx_ll_utils.c.obj
APBPrescTable                                     CMakeFiles/STM32_G474.elf.dir/Core/system_stm32g4xx.c.obj
                                                  CMakeFiles/STM32_G474.elf.dir/Core/stm32g4xx_ll_rcc.c.obj
BusFault_Handler                                  CMakeFiles/STM32_G474.elf.dir/src/stm32g4xx_startup.c.obj
COMP1_2_3_IRQHandler                              CMakeFiles/STM32_G474.elf.dir/src/stm32g4xx_startup.c.obj
COMP4_5_6_IRQHandler                              CMakeFiles/STM32_G474.elf.dir/src/stm32g4xx_startup.c.obj
COMP7_IRQHandler                                  CMakeFiles/STM32_G474.elf.dir/src/stm32g4xx_startup.c.obj
CORDIC_IRQHandler                                 CMakeFiles/STM32_G474.elf.dir/src/stm32g4xx_startup.c.obj
CRS_IRQHandler                                    CMakeFiles/STM32_G474.elf.dir/src/stm32g4xx_startup.c.obj
DMA1_Channel1_IRQHandler                          CMakeFiles/STM32_G474.elf.dir/src/stm32g4xx_startup.c.obj
DMA1_Channel2_IRQHandler                          CMakeFiles/STM32_G474.elf.dir/src/stm32g4xx_startup.c.obj
DMA1_Channel3_IRQHandler                          CMakeFiles/STM32_G474.elf.dir/src/stm32g4xx_startup.c.obj
DMA1_Channel4_IRQHandler                          CMakeFiles/STM32_G474.elf.dir/src/stm32g4xx_startup.c.obj
DMA1_Channel5_IRQHandler                          CMakeFiles/STM32_G474.elf.dir/src/stm32g4xx_startup.c.obj
DMA1_Channel6_IRQHandler                          CMakeFiles/STM32_G474.elf.dir/src/stm32g4xx_startup.c.obj
DMA1_Channel7_IRQHandler                          CMakeFiles/STM32_G474.elf.dir/src/stm32g4xx_startup.c.obj
DMA1_Channel8_IRQHandler                          CMakeFiles/STM32_G474.elf.dir/src/stm32g4xx_startup.c.obj
DMA2_Channel1_IRQHandler                          CMakeFiles/STM32_G474.elf.dir/src/stm32g4xx_startup.c.obj
DMA2_Channel2_IRQHandler                          CMakeFiles/STM32_G474.elf.dir/src/stm32g4xx_startup.c.obj
DMA2_Channel3_IRQHandler                          CMakeFiles/STM32_G474.elf.dir/src/stm32g4xx_startup.c.obj
DMA2_Channel4_IRQHandler                          CMakeFiles/STM32_G474.elf.dir/src/stm32g4xx_startup.c.obj
DMA2_Channel5_IRQHandler                          CMakeFiles/STM32_G474.elf.dir/src/stm32g4xx_startup.c.obj
DMA2_Channel6_IRQHandler                          CMakeFiles/STM32_G474.elf.dir/src/stm32g4xx_startup.c.obj
DMA2_Channel7_IRQHandler                          CMakeFiles/STM32_G474.elf.dir/src/stm32g4xx_startup.c.obj
DMA2_Channel8_IRQHandler                          CMakeFiles/STM32_G474.elf.dir/src/stm32g4xx_startup.c.obj
DMAMUX_OVR_IRQHandler                             CMakeFiles/STM32_G474.elf.dir/src/stm32g4xx_startup.c.obj
DebugMon_Handler                                  CMakeFiles/STM32_G474.elf.dir/src/stm32g4xx_startup.c.obj
Default_Handler                                   CMakeFiles/STM32_G474.elf.dir/src/stm32g4xx_startup.c.obj
EXTI0_IRQHandler                                  CMakeFiles/STM32_G474.elf.dir/src/stm32g4xx_startup.c.obj
EXTI15_10_IRQHandler                              CMakeFiles/STM32_G474.elf.dir/src/stm32g4xx_startup.c.obj
EXTI1_IRQHandler                                  CMakeFiles/STM32_G474.elf.dir/src/stm32g4xx_startup.c.obj
EXTI2_IRQHandler                                  CMakeFiles/STM32_G474.elf.dir/src/stm32g4xx_startup.c.obj
EXTI3_IRQHandler                                  CMakeFiles/STM32_G474.elf.dir/src/stm32g4xx_startup.c.obj
EXTI4_IRQHandler                                  CMakeFiles/STM32_G474.elf.dir/src/stm32g4xx_startup.c.obj
EXTI9_5_IRQHandler                                CMakeFiles/STM32_G474.elf.dir/src/stm32g4xx_startup.c.obj
Error_Handler                                     CMakeFiles/STM32_G474.elf.dir/src/main.c.obj
FDCAN1_IT0_IRQHandler                             CMakeFiles/STM32_G474.elf.dir/src/stm32g4xx_startup.c.obj
FDCAN1_IT1_IRQHandler                             CMakeFiles/STM32_G474.elf.dir/src/stm32g4xx_startup.c.obj
FDCAN2_IT0_IRQHandler                             CMakeFiles/STM32_G474.elf.dir/src/stm32g4xx_startup.c.obj
FDCAN2_IT1_IRQHandler                             CMakeFiles/STM32_G474.elf.dir/src/stm32g4xx_startup.c.obj
FDCAN3_IT0_IRQHandler                             CMakeFiles/STM32_G474.elf.dir/src/stm32g4xx_startup.c.obj
FDCAN3_IT1_IRQHandler                             CMakeFiles/STM32_G474.elf.dir/src/stm32g4xx_startup.c.obj
FLASH_IRQHandler                                  CMakeFiles/STM32_G474.elf.dir/src/stm32g4xx_startup.c.obj
FMAC_IRQHandler                                   CMakeFiles/STM32_G474.elf.dir/src/stm32g4xx_startup.c.obj
FMC_IRQHandler                                    CMakeFiles/STM32_G474.elf.dir/src/stm32g4xx_startup.c.obj
FPU_IRQHandler                                    CMakeFiles/STM32_G474.elf.dir/src/stm32g4xx_startup.c.obj
GetSysCoreClockCount                              CMakeFiles/STM32_G474.elf.dir/src/system.c.obj
                                                  CMakeFiles/STM32_G474.elf.dir/src/main.c.obj
GetSysTick                                        CMakeFiles/STM32_G474.elf.dir/src/system.c.obj
                                                  CMakeFiles/STM32_G474.elf.dir/src/main.c.obj
GetSysTickPriority                                CMakeFiles/STM32_G474.elf.dir/src/system.c.obj
HRTIM1_FLT_IRQHandler                             CMakeFiles/STM32_G474.elf.dir/src/stm32g4xx_startup.c.obj
HRTIM1_Master_IRQHandler                          CMakeFiles/STM32_G474.elf.dir/src/stm32g4xx_startup.c.obj
HRTIM1_TIMA_IRQHandler                            CMakeFiles/STM32_G474.elf.dir/src/stm32g4xx_startup.c.obj
HRTIM1_TIMB_IRQHandler                            CMakeFiles/STM32_G474.elf.dir/src/stm32g4xx_startup.c.obj
HRTIM1_TIMC_IRQHandler                            CMakeFiles/STM32_G474.elf.dir/src/stm32g4xx_startup.c.obj
HRTIM1_TIMD_IRQHandler                            CMakeFiles/STM32_G474.elf.dir/src/stm32g4xx_startup.c.obj
HRTIM1_TIME_IRQHandler                            CMakeFiles/STM32_G474.elf.dir/src/stm32g4xx_startup.c.obj
HRTIM1_TIMF_IRQHandler                            CMakeFiles/STM32_G474.elf.dir/src/stm32g4xx_startup.c.obj
HardFault_Handler                                 CMakeFiles/STM32_G474.elf.dir/src/stm32g4xx_startup.c.obj
I2C1_ER_IRQHandler                                CMakeFiles/STM32_G474.elf.dir/src/stm32g4xx_startup.c.obj
I2C1_EV_IRQHandler                                CMakeFiles/STM32_G474.elf.dir/src/stm32g4xx_startup.c.obj
I2C2_ER_IRQHandler                                CMakeFiles/STM32_G474.elf.dir/src/stm32g4xx_startup.c.obj
I2C2_EV_IRQHandler                                CMakeFiles/STM32_G474.elf.dir/src/stm32g4xx_startup.c.obj
I2C3_ER_IRQHandler                                CMakeFiles/STM32_G474.elf.dir/src/stm32g4xx_startup.c.obj
I2C3_EV_IRQHandler                                CMakeFiles/STM32_G474.elf.dir/src/stm32g4xx_startup.c.obj
I2C4_ER_IRQHandler                                CMakeFiles/STM32_G474.elf.dir/src/stm32g4xx_startup.c.obj
I2C4_EV_IRQHandler                                CMakeFiles/STM32_G474.elf.dir/src/stm32g4xx_startup.c.obj
InitSysTick                                       CMakeFiles/STM32_G474.elf.dir/src/system.c.obj
InitSystem                                        CMakeFiles/STM32_G474.elf.dir/src/system.c.obj
                                                  CMakeFiles/STM32_G474.elf.dir/src/main.c.obj
InitSystemClock                                   CMakeFiles/STM32_G474.elf.dir/src/system.c.obj
InitializeGPIO                                    CMakeFiles/STM32_G474.elf.dir/src/Initialize.c.obj
                                                  CMakeFiles/STM32_G474.elf.dir/src/main.c.obj
LL_ADC_CommonDeInit                               CMakeFiles/STM32_G474.elf.dir/Core/stm32g4xx_ll_adc.c.obj
LL_ADC_CommonInit                                 CMakeFiles/STM32_G474.elf.dir/Core/stm32g4xx_ll_adc.c.obj
LL_ADC_CommonStructInit                           CMakeFiles/STM32_G474.elf.dir/Core/stm32g4xx_ll_adc.c.obj
LL_ADC_DeInit                                     CMakeFiles/STM32_G474.elf.dir/Core/stm32g4xx_ll_adc.c.obj
LL_ADC_INJ_Init                                   CMakeFiles/STM32_G474.elf.dir/Core/stm32g4xx_ll_adc.c.obj
LL_ADC_INJ_StructInit                             CMakeFiles/STM32_G474.elf.dir/Core/stm32g4xx_ll_adc.c.obj
LL_ADC_Init                                       CMakeFiles/STM32_G474.elf.dir/Core/stm32g4xx_ll_adc.c.obj
LL_ADC_REG_Init                                   CMakeFiles/STM32_G474.elf.dir/Core/stm32g4xx_ll_adc.c.obj
LL_ADC_REG_StructInit                             CMakeFiles/STM32_G474.elf.dir/Core/stm32g4xx_ll_adc.c.obj
LL_ADC_StructInit                                 CMakeFiles/STM32_G474.elf.dir/Core/stm32g4xx_ll_adc.c.obj
LL_COMP_DeInit                                    CMakeFiles/STM32_G474.elf.dir/Core/stm32g4xx_ll_comp.c.obj
LL_COMP_Init                                      CMakeFiles/STM32_G474.elf.dir/Core/stm32g4xx_ll_comp.c.obj
LL_COMP_StructInit                                CMakeFiles/STM32_G474.elf.dir/Core/stm32g4xx_ll_comp.c.obj
LL_CORDIC_DeInit                                  CMakeFiles/STM32_G474.elf.dir/Core/stm32g4xx_ll_cordic.c.obj
LL_CRC_DeInit                                     CMakeFiles/STM32_G474.elf.dir/Core/stm32g4xx_ll_crc.c.obj
LL_CRS_DeInit                                     CMakeFiles/STM32_G474.elf.dir/Core/stm32g4xx_ll_crs.c.obj
LL_DAC_DeInit                                     CMakeFiles/STM32_G474.elf.dir/Core/stm32g4xx_ll_dac.c.obj
LL_DAC_Init                                       CMakeFiles/STM32_G474.elf.dir/Core/stm32g4xx_ll_dac.c.obj
LL_DAC_StructInit                                 CMakeFiles/STM32_G474.elf.dir/Core/stm32g4xx_ll_dac.c.obj
LL_DMA_DeInit                                     CMakeFiles/STM32_G474.elf.dir/Core/stm32g4xx_ll_dma.c.obj
LL_DMA_Init                                       CMakeFiles/STM32_G474.elf.dir/Core/stm32g4xx_ll_dma.c.obj
LL_DMA_StructInit                                 CMakeFiles/STM32_G474.elf.dir/Core/stm32g4xx_ll_dma.c.obj
LL_EXTI_DeInit                                    CMakeFiles/STM32_G474.elf.dir/Core/stm32g4xx_ll_exti.c.obj
LL_EXTI_Init                                      CMakeFiles/STM32_G474.elf.dir/Core/stm32g4xx_ll_exti.c.obj
LL_EXTI_StructInit                                CMakeFiles/STM32_G474.elf.dir/Core/stm32g4xx_ll_exti.c.obj
LL_GPIO_DeInit                                    CMakeFiles/STM32_G474.elf.dir/Core/stm32g4xx_ll_gpio.c.obj
LL_GPIO_Init                                      CMakeFiles/STM32_G474.elf.dir/Core/stm32g4xx_ll_gpio.c.obj
LL_GPIO_StructInit                                CMakeFiles/STM32_G474.elf.dir/Core/stm32g4xx_ll_gpio.c.obj
LL_HRTIM_DeInit                                   CMakeFiles/STM32_G474.elf.dir/Core/stm32g4xx_ll_hrtim.c.obj
LL_I2C_DeInit                                     CMakeFiles/STM32_G474.elf.dir/Core/stm32g4xx_ll_i2c.c.obj
LL_I2C_Init                                       CMakeFiles/STM32_G474.elf.dir/Core/stm32g4xx_ll_i2c.c.obj
LL_I2C_StructInit                                 CMakeFiles/STM32_G474.elf.dir/Core/stm32g4xx_ll_i2c.c.obj
LL_I2S_ConfigPrescaler                            CMakeFiles/STM32_G474.elf.dir/Core/stm32g4xx_ll_spi.c.obj
LL_I2S_DeInit                                     CMakeFiles/STM32_G474.elf.dir/Core/stm32g4xx_ll_spi.c.obj